Component: ARM Compiler 5.06 update 6 (build 750) Tool: armlink [4d35ed]

==============================================================================

Section Cross References

    startup_stm32l072xx.o(RESET) refers to startup_stm32l072xx.o(STACK) for __initial_sp
    startup_stm32l072xx.o(RESET) refers to startup_stm32l072xx.o(.text) for Reset_Handler
    startup_stm32l072xx.o(RESET) refers to stm32l0xx_it.o(i.NMI_Handler) for NMI_Handler
    startup_stm32l072xx.o(RESET) refers to stm32l0xx_it.o(i.HardFault_Handler) for HardFault_Handler
    startup_stm32l072xx.o(RESET) refers to stm32l0xx_it.o(i.SVC_Handler) for SVC_Handler
    startup_stm32l072xx.o(RESET) refers to stm32l0xx_it.o(i.PendSV_Handler) for PendSV_Handler
    startup_stm32l072xx.o(RESET) refers to board.o(i.SysTick_Handler) for SysTick_Handler
    startup_stm32l072xx.o(RESET) refers to rtc-board.o(i.RTC_IRQHandler) for RTC_IRQHandler
    startup_stm32l072xx.o(RESET) refers to gpio-board.o(i.EXTI0_1_IRQHandler) for EXTI0_1_IRQHandler
    startup_stm32l072xx.o(RESET) refers to gpio-board.o(i.EXTI2_3_IRQHandler) for EXTI2_3_IRQHandler
    startup_stm32l072xx.o(RESET) refers to gpio-board.o(i.EXTI4_15_IRQHandler) for EXTI4_15_IRQHandler
    startup_stm32l072xx.o(RESET) refers to stm32l0xx_it.o(i.DMA1_Channel2_3_IRQHandler) for DMA1_Channel2_3_IRQHandler
    startup_stm32l072xx.o(RESET) refers to stm32l0xx_it.o(i.TIM6_DAC_IRQHandler) for TIM6_DAC_IRQHandler
    startup_stm32l072xx.o(RESET) refers to stm32l0xx_it.o(i.USART1_IRQHandler) for USART1_IRQHandler
    startup_stm32l072xx.o(RESET) refers to stm32l0xx_it.o(i.USART2_IRQHandler) for USART2_IRQHandler
    startup_stm32l072xx.o(RESET) refers to stm32l0xx_it.o(i.USB_IRQHandler) for USB_IRQHandler
    startup_stm32l072xx.o(.text) refers to system_stm32l0xx.o(i.SystemInit) for SystemInit
    startup_stm32l072xx.o(.text) refers to entry.o(.ARM.Collect$$$$00000000) for __main
    function.o(i.DebugPrintf) refers to printfa.o(i.__0vsnprintf) for vsnprintf
    function.o(i.DebugPrintf) refers to strlen.o(.text) for strlen
    function.o(i.DebugPrintf) refers to stm32l0xx_hal_gpio.o(i.HAL_GPIO_WritePin) for HAL_GPIO_WritePin
    function.o(i.DebugPrintf) refers to stm32l0xx_hal_uart.o(i.HAL_UART_Transmit) for HAL_UART_Transmit
    function.o(i.DebugPrintf) refers to delay.o(i.DelayMs) for DelayMs
    function.o(i.DebugPrintf) refers to usart.o(.bss) for huart2
    function.o(i.get_value_str) refers to memseta.o(.text) for __aeabi_memclr4
    function.o(i.get_value_str) refers to memcpya.o(.text) for __aeabi_memcpy
    function.o(i.get_value_uint32) refers to memcpya.o(.text) for __aeabi_memcpy
    function.o(i.set_value_str) refers to memseta.o(.text) for __aeabi_memclr4
    function.o(i.set_value_str) refers to memcpya.o(.text) for __aeabi_memcpy
    function.o(i.set_value_uint16) refers to memcpya.o(.text) for __aeabi_memcpy
    function.o(i.set_value_uint32) refers to memcpya.o(.text) for __aeabi_memcpy
    main.o(i.HAL_TIM_PeriodElapsedCallback) refers to uread4.o(.text) for __aeabi_uread4
    main.o(i.HAL_TIM_PeriodElapsedCallback) refers to uidiv.o(.text) for __aeabi_uidivmod
    main.o(i.HAL_TIM_PeriodElapsedCallback) refers to tim.o(.bss) for htim6
    main.o(i.HAL_TIM_PeriodElapsedCallback) refers to main.o(.data) for count
    main.o(i.HAL_TIM_PeriodElapsedCallback) refers to modbus_handle.o(.bss) for mqtt_config
    main.o(i.MX_GPIO_Init) refers to memseta.o(.text) for __aeabi_memclr4
    main.o(i.MX_GPIO_Init) refers to stm32l0xx_hal_gpio.o(i.HAL_GPIO_WritePin) for HAL_GPIO_WritePin
    main.o(i.MX_GPIO_Init) refers to stm32l0xx_hal_gpio.o(i.HAL_GPIO_Init) for HAL_GPIO_Init
    main.o(i.MX_MQTT_Init) refers to nb_mqtt.o(i.mqttOpenSet) for mqttOpenSet
    main.o(i.MX_MQTT_Init) refers to nb_mqtt.o(i.mqttConnectSet) for mqttConnectSet
    main.o(i.MX_MQTT_Init) refers to nb_mqtt.o(i.mqttConfigureSet) for mqttConfigureSet
    main.o(i.MX_MQTT_Init) refers to nb_mqtt.o(i.mqttPubSet) for mqttPubSet
    main.o(i.MX_MQTT_Init) refers to nb_mqtt.o(i.mqttSubSet) for mqttSubSet
    main.o(i.MX_MQTT_Init) refers to nb_mqtt.o(i.mqttCloseSet) for mqttCloseSet
    main.o(i.MX_MQTT_Init) refers to nb_mqtt.o(i.mqttDisconnectSet) for mqttDisconnectSet
    main.o(i.MX_MQTT_Init) refers to nb_mqtt.o(i.mqttCheckSet) for mqttCheckSet
    main.o(i.MX_MQTT_Init) refers to nb_mqtt.o(i.mqttOpenHandle) for mqttOpenHandle
    main.o(i.MX_MQTT_Init) refers to main.o(.bss) for nb_mqtt
    main.o(i.MX_MQTT_Init) refers to nb_mqtt.o(i.mqttConnectHandle) for mqttConnectHandle
    main.o(i.MX_MQTT_Init) refers to nb_mqtt.o(i.mqttConfigureHandle) for mqttConfigureHandle
    main.o(i.MX_MQTT_Init) refers to nb_mqtt.o(i.mqttPubHandle) for mqttPubHandle
    main.o(i.MX_MQTT_Init) refers to nb_mqtt.o(i.mqttSubHandle) for mqttSubHandle
    main.o(i.MX_MQTT_Init) refers to nb_mqtt.o(i.mqttCloseHandle) for mqttCloseHandle
[...]
    HAL_RTC_AlarmAEventCallback              0x08003093   Thumb Code     2  stm32l0xx_hal_rtc.o(i.HAL_RTC_AlarmAEventCallback)
    HAL_RTC_AlarmIRQHandler                  0x08003095   Thumb Code   124  stm32l0xx_hal_rtc.o(i.HAL_RTC_AlarmIRQHandler)
    HAL_RTC_DeactivateAlarm                  0x0800311d   Thumb Code   272  stm32l0xx_hal_rtc.o(i.HAL_RTC_DeactivateAlarm)
    HAL_RTC_GetDate                          0x0800322d   Thumb Code    86  stm32l0xx_hal_rtc.o(i.HAL_RTC_GetDate)
    HAL_RTC_GetTime                          0x08003289   Thumb Code   102  stm32l0xx_hal_rtc.o(i.HAL_RTC_GetTime)
    HAL_RTC_Init                             0x080032f5   Thumb Code   248  stm32l0xx_hal_rtc.o(i.HAL_RTC_Init)
    HAL_RTC_MspInit                          0x080033f1   Thumb Code     2  stm32l0xx_hal_rtc.o(i.HAL_RTC_MspInit)
    HAL_RTC_SetAlarm_IT                      0x080033f5   Thumb Code   558  stm32l0xx_hal_rtc.o(i.HAL_RTC_SetAlarm_IT)
    HAL_RTC_SetDate                          0x08003631   Thumb Code   282  stm32l0xx_hal_rtc.o(i.HAL_RTC_SetDate)
    HAL_RTC_SetTime                          0x08003751   Thumb Code   326  stm32l0xx_hal_rtc.o(i.HAL_RTC_SetTime)
    HAL_RTC_WaitForSynchro                   0x0800389d   Thumb Code    58  stm32l0xx_hal_rtc.o(i.HAL_RTC_WaitForSynchro)
    HAL_SYSTICK_Callback                     0x080038d7   Thumb Code     2  stm32l0xx_hal_cortex.o(i.HAL_SYSTICK_Callback)
    HAL_SYSTICK_Config                       0x080038d9   Thumb Code    46  stm32l0xx_hal_cortex.o(i.HAL_SYSTICK_Config)
    HAL_SYSTICK_IRQHandler                   0x08003911   Thumb Code     8  stm32l0xx_hal_cortex.o(i.HAL_SYSTICK_IRQHandler)
    HAL_TIMEx_MasterConfigSynchronization    0x08003919   Thumb Code    92  stm32l0xx_hal_tim_ex.o(i.HAL_TIMEx_MasterConfigSynchronization)
    HAL_TIM_Base_Init                        0x08003975   Thumb Code    56  stm32l0xx_hal_tim.o(i.HAL_TIM_Base_Init)
    HAL_TIM_Base_MspInit                     0x080039ad   Thumb Code    80  tim.o(i.HAL_TIM_Base_MspInit)
    HAL_TIM_Base_Start_IT                    0x08003a09   Thumb Code    42  stm32l0xx_hal_tim.o(i.HAL_TIM_Base_Start_IT)
    HAL_TIM_IC_CaptureCallback               0x08003a33   Thumb Code     2  stm32l0xx_hal_tim.o(i.HAL_TIM_IC_CaptureCallback)
    HAL_TIM_IRQHandler                       0x08003a35   Thumb Code   380  stm32l0xx_hal_tim.o(i.HAL_TIM_IRQHandler)
    HAL_TIM_OC_DelayElapsedCallback          0x08003bb1   Thumb Code     2  stm32l0xx_hal_tim.o(i.HAL_TIM_OC_DelayElapsedCallback)
    HAL_TIM_PWM_PulseFinishedCallback        0x08003bb3   Thumb Code     2  stm32l0xx_hal_tim.o(i.HAL_TIM_PWM_PulseFinishedCallback)
    HAL_TIM_PeriodElapsedCallback            0x08003bb5   Thumb Code    56  main.o(i.HAL_TIM_PeriodElapsedCallback)
    HAL_TIM_TriggerCallback                  0x08003bfd   Thumb Code     2  stm32l0xx_hal_tim.o(i.HAL_TIM_TriggerCallback)
    HAL_UARTEx_WakeupCallback                0x08003bff   Thumb Code     2  stm32l0xx_hal_uart_ex.o(i.HAL_UARTEx_WakeupCallback)
    HAL_UART_ErrorCallback                   0x08003c01   Thumb Code     2  stm32l0xx_hal_uart.o(i.HAL_UART_ErrorCallback)
    HAL_UART_IRQHandler                      0x08003c05   Thumb Code   456  stm32l0xx_hal_uart.o(i.HAL_UART_IRQHandler)
    HAL_UART_Init                            0x08003dd1   Thumb Code   126  stm32l0xx_hal_uart.o(i.HAL_UART_Init)
    HAL_UART_MspInit                         0x08003e51   Thumb Code   350  usart.o(i.HAL_UART_MspInit)
    HAL_UART_Receive_IT                      0x08003fcd   Thumb Code   266  stm32l0xx_hal_uart.o(i.HAL_UART_Receive_IT)
    HAL_UART_RxCpltCallback                  0x080040e5   Thumb Code     2  stm32l0xx_hal_uart.o(i.HAL_UART_RxCpltCallback)
    HAL_UART_Transmit                        0x080040e7   Thumb Code   256  stm32l0xx_hal_uart.o(i.HAL_UART_Transmit)
    HAL_UART_TxCpltCallback                  0x080041e7   Thumb Code     2  stm32l0xx_hal_uart.o(i.HAL_UART_TxCpltCallback)
    HardFault_Handler                        0x080041e9   Thumb Code     4  stm32l0xx_it.o(i.HardFault_Handler)
    MX_GPIO_Init                             0x08004225   Thumb Code   156  main.o(i.MX_GPIO_Init)
    MX_MQTT_Init                             0x080042c9   Thumb Code    68  main.o(i.MX_MQTT_Init)
    MX_NB_Init                               0x08004331   Thumb Code    62  main.o(i.MX_NB_Init)
    MX_TIM6_Init                             0x08004379   Thumb Code    68  tim.o(i.MX_TIM6_Init)
    MX_USART1_UART_Init                      0x080043cd   Thumb Code    58  usart.o(i.MX_USART1_UART_Init)
    MX_USART2_UART_Init                      0x08004411   Thumb Code    90  usart.o(i.MX_USART2_UART_Init)
    MX_USB_DEVICE_Init                       0x08004475   Thumb Code    68  usb_device.o(i.MX_USB_DEVICE_Init)
    MX_WoMaster_Init                         0x080044c9   Thumb Code   170  main.o(i.MX_WoMaster_Init)
    ModbusRtuMqtt                            0x080045b9   Thumb Code   154  modbus_rtu.o(i.ModbusRtuMqtt)
    ModbusRtuUnitSndAndRcv                   0x08004725   Thumb Code   142  modbus_rtu.o(i.ModbusRtuUnitSndAndRcv)
    Modbus_Frame_Check                       0x080047c1   Thumb Code   218  gsmodbus.o(i.Modbus_Frame_Check)
    Modbus_Slave_USBPutData                  0x080048b9   Thumb Code    32  modbus_handle.o(i.Modbus_Slave_USBPutData)
    NMI_Handler                              0x080048d9   Thumb Code     2  stm32l0xx_it.o(i.NMI_Handler)
    PendSV_Handler                           0x08004d25   Thumb Code     2  stm32l0xx_it.o(i.PendSV_Handler)
    RTC_Bcd2ToByte                           0x08004d27   Thumb Code    24  stm32l0xx_hal_rtc.o(i.RTC_Bcd2ToByte)
    RTC_ByteToBcd2                           0x08004d3f   Thumb Code    28  stm32l0xx_hal_rtc.o(i.RTC_ByteToBcd2)
    RTC_EnterInitMode                        0x08004d5b   Thumb Code    64  stm32l0xx_hal_rtc.o(i.RTC_EnterInitMode)
    RTC_IRQHandler                           0x08004d9d   Thumb Code    24  rtc-board.o(i.RTC_IRQHandler)
    Read_Param                               0x08004db9   Thumb Code   200  modbus_handle.o(i.Read_Param)
    RtcGetAdjustedTimeoutValue               0x0800517d   Thumb Code    62  rtc-board.o(i.RtcGetAdjustedTimeoutValue)
    RtcGetElapsedAlarmTime                   0x0800521d   Thumb Code    46  rtc-board.o(i.RtcGetElapsedAlarmTime)
    RtcInit                                  0x08005251   Thumb Code   146  rtc-board.o(i.RtcInit)
    RtcRecoverMcuStatus                      0x080052f9   Thumb Code    68  rtc-board.o(i.RtcRecoverMcuStatus)
    RtcSetTimeout                            0x08005349   Thumb Code    18  rtc-board.o(i.RtcSetTimeout)
    SVC_Handler                              0x08005405   Thumb Code     2  stm32l0xx_it.o(i.SVC_Handler)
    Send_AT_Command                          0x08005461   Thumb Code   648  nbiot.o(i.Send_AT_Command)
    StmL0xxEpromLock                         0x08005811   Thumb Code     8  param_init.o(i.StmL0xxEpromLock)
    StmL0xxEpromSingleHalfWordRead           0x08005819   Thumb Code    36  param_init.o(i.StmL0xxEpromSingleHalfWordRead)
    StmL0xxEpromSingleWrite                  0x08005845   Thumb Code    70  param_init.o(i.StmL0xxEpromSingleWrite)
    StmL0xxEpromUnlock                       0x08005895   Thumb Code     8  param_init.o(i.StmL0xxEpromUnlock)
    SysTick_Handler                          0x0800589d   Thumb Code    12  board.o(i.SysTick_Handler)
    SystemClock_Config                       0x08005935   Thumb Code   168  main.o(i.SystemClock_Config)
    SystemInit                               0x080059e1   Thumb Code    88  system_stm32l0xx.o(i.SystemInit)
    TCPCloseHandle                           0x08005a49   Thumb Code    48  nb_tcp.o(i.TCPCloseHandle)
    TCPConnectHandle                         0x08005a8d   Thumb Code     8  nb_tcp.o(i.TCPConnectHandle)
    TCPDisConnectHandle                      0x08005a95   Thumb Code    48  nb_tcp.o(i.TCPDisConnectHandle)
    TCPReceiveHandle                         0x08005ad9   Thumb Code    62  nb_tcp.o(i.TCPReceiveHandle)
    TCPSendHandle                            0x08005b31   Thumb Code    68  nb_tcp.o(i.TCPSendHandle)
    TIM6_DAC_IRQHandler                      0x08005b91   Thumb Code    10  stm32l0xx_it.o(i.TIM6_DAC_IRQHandler)
    TimerGetValue                            0x08005c3d   Thumb Code     8  timer.o(i.TimerGetValue)
    TimerInit                                0x08005c45   Thumb Code    14  timer.o(i.TimerInit)
    TimerIrqHandler                          0x08005cf9   Thumb Code   144  timer.o(i.TimerIrqHandler)
    TimerSetValue                            0x08005dad   Thumb Code    18  timer.o(i.TimerSetValue)
    TimerStart                               0x08005dc1   Thumb Code   138  timer.o(i.TimerStart)
    TimerStop                                0x08005e51   Thumb Code   238  timer.o(i.TimerStop)
    UART_AdvFeatureConfig                    0x08005f45   Thumb Code   240  stm32l0xx_hal_uart.o(i.UART_AdvFeatureConfig)
    UART_CheckIdleState                      0x08006035   Thumb Code   106  stm32l0xx_hal_uart.o(i.UART_CheckIdleState)
    UART_SetConfig                           0x080061d9   Thumb Code   970  stm32l0xx_hal_uart.o(i.UART_SetConfig)
    UART_WaitOnFlagUntilTimeout              0x080065d9   Thumb Code   108  stm32l0xx_hal_uart.o(i.UART_WaitOnFlagUntilTimeout)
    USART1_IRQHandler                        0x08006645   Thumb Code   126  stm32l0xx_it.o(i.USART1_IRQHandler)
    USART2_IRQHandler                        0x080066d5   Thumb Code   104  stm32l0xx_it.o(i.USART2_IRQHandler)
    USBD_CDC_GetDeviceQualifierDescriptor    0x080068b9   Thumb Code    10  usbd_cdc.o(i.USBD_CDC_GetDeviceQualifierDescriptor)
    USBD_CDC_ReceivePacket                   0x080069cb   Thumb Code    72  usbd_cdc.o(i.USBD_CDC_ReceivePacket)
    USBD_CDC_RegisterInterface               0x08006a13   Thumb Code    20  usbd_cdc.o(i.USBD_CDC_RegisterInterface)
    USBD_CDC_SetRxBuffer                     0x08006a27   Thumb Code    20  usbd_cdc.o(i.USBD_CDC_SetRxBuffer)
    USBD_CDC_SetTxBuffer                     0x08006a3b   Thumb Code    28  usbd_cdc.o(i.USBD_CDC_SetTxBuffer)
    USBD_CDC_TransmitPacket                  0x08006b69   Thumb Code    78  usbd_cdc.o(i.USBD_CDC_TransmitPacket)
    USBD_ClrClassConfig                      0x08006bb7   Thumb Code    26  usbd_core.o(i.USBD_ClrClassConfig)
    USBD_CtlContinueRx                       0x08006c15   Thumb Code    24  usbd_ioreq.o(i.USBD_CtlContinueRx)
    USBD_CtlContinueSendData                 0x08006c2d   Thumb Code    24  usbd_ioreq.o(i.USBD_CtlContinueSendData)
    USBD_CtlError                            0x08006c45   Thumb Code    24  usbd_ctlreq.o(i.USBD_CtlError)
    USBD_CtlPrepareRx                        0x08006c5d   Thumb Code    42  usbd_ioreq.o(i.USBD_CtlPrepareRx)
    USBD_CtlReceiveStatus                    0x08006c87   Thumb Code    28  usbd_ioreq.o(i.USBD_CtlReceiveStatus)
    USBD_CtlSendData                         0x08006ca3   Thumb Code    36  usbd_ioreq.o(i.USBD_CtlSendData)
    USBD_CtlSendStatus                       0x08006cc7   Thumb Code    28  usbd_ioreq.o(i.USBD_CtlSendStatus)
    USBD_FS_ConfigStrDescriptor              0x08006ce5   Thumb Code    36  usbd_desc.o(i.USBD_FS_ConfigStrDescriptor)
    USBD_FS_DeviceDescriptor                 0x08006d19   Thumb Code    10  usbd_desc.o(i.USBD_FS_DeviceDescriptor)
    USBD_FS_InterfaceStrDescriptor           0x08006d29   Thumb Code    36  usbd_desc.o(i.USBD_FS_InterfaceStrDescriptor)
    USBD_FS_LangIDStrDescriptor              0x08006d61   Thumb Code    10  usbd_desc.o(i.USBD_FS_LangIDStrDescriptor)
    USBD_FS_ManufacturerStrDescriptor        0x08006d71   Thumb Code    20  usbd_desc.o(i.USBD_FS_ManufacturerStrDescriptor)
    USBD_FS_ProductStrDescriptor             0x08006d9d   Thumb Code    36  usbd_desc.o(i.USBD_FS_ProductStrDescriptor)
    USBD_FS_SerialStrDescriptor              0x08006ddd   Thumb Code    18  usbd_desc.o(i.USBD_FS_SerialStrDescriptor)
    USBD_GetString                           0x0800704d   Thumb Code    78  usbd_ctlreq.o(i.USBD_GetString)
    USBD_Init                                0x080070c9   Thumb Code    72  usbd_core.o(i.USBD_Init)
    USBD_LL_ClearStallEP                     0x08007111   Thumb Code    38  usbd_conf.o(i.USBD_LL_ClearStallEP)
    USBD_LL_CloseEP                          0x08007137   Thumb Code    38  usbd_conf.o(i.USBD_LL_CloseEP)
    USBD_LL_DataInStage                      0x0800715d   Thumb Code   300  usbd_core.o(i.USBD_LL_DataInStage)
    USBD_LL_DataOutStage                     0x08007289   Thumb Code   196  usbd_core.o(i.USBD_LL_DataOutStage)
    USBD_LL_GetRxDataSize                    0x0800734d   Thumb Code    22  usbd_conf.o(i.USBD_LL_GetRxDataSize)
    USBD_LL_Init                             0x08007365   Thumb Code   154  usbd_conf.o(i.USBD_LL_Init)
    USBD_LL_IsStallEP                        0x0800740d   Thumb Code    50  usbd_conf.o(i.USBD_LL_IsStallEP)
    USBD_LL_OpenEP                           0x0800743f   Thumb Code    48  usbd_conf.o(i.USBD_LL_OpenEP)
    USBD_LL_PrepareReceive                   0x0800746f   Thumb Code    48  usbd_conf.o(i.USBD_LL_PrepareReceive)
    USBD_LL_Reset                            0x0800749f   Thumb Code   110  usbd_core.o(i.USBD_LL_Reset)
    USBD_LL_Resume                           0x0800750d   Thumb Code    22  usbd_core.o(i.USBD_LL_Resume)
    USBD_LL_SOF                              0x08007523   Thumb Code    48  usbd_core.o(i.USBD_LL_SOF)
    USBD_LL_SetSpeed                         0x08007553   Thumb Code     8  usbd_core.o(i.USBD_LL_SetSpeed)
    USBD_LL_SetUSBAddress                    0x0800755b   Thumb Code    38  usbd_conf.o(i.USBD_LL_SetUSBAddress)
    USBD_LL_SetupStage                       0x08007581   Thumb Code   136  usbd_core.o(i.USBD_LL_SetupStage)
    USBD_LL_StallEP                          0x08007609   Thumb Code    38  usbd_conf.o(i.USBD_LL_StallEP)
    USBD_LL_Start                            0x0800762f   Thumb Code    34  usbd_conf.o(i.USBD_LL_Start)
    USBD_LL_Suspend                          0x08007651   Thumb Code    32  usbd_core.o(i.USBD_LL_Suspend)
    USBD_LL_Transmit                         0x08007671   Thumb Code    48  usbd_conf.o(i.USBD_LL_Transmit)
    USBD_ParseSetupRequest                   0x080076a1   Thumb Code    40  usbd_ctlreq.o(i.USBD_ParseSetupRequest)
    USBD_RegisterClass                       0x080076c9   Thumb Code    22  usbd_core.o(i.USBD_RegisterClass)
    USBD_RunTestMode                         0x080076df   Thumb Code     6  usbd_core.o(i.USBD_RunTestMode)
    USBD_SetClassConfig                      0x08007755   Thumb Code    46  usbd_core.o(i.USBD_SetClassConfig)
    USBD_Start                               0x08007899   Thumb Code    14  usbd_core.o(i.USBD_Start)
    USBD_StdDevReq                           0x080078a7   Thumb Code   168  usbd_ctlreq.o(i.USBD_StdDevReq)
    USBD_StdEPReq                            0x0800794f   Thumb Code   598  usbd_ctlreq.o(i.USBD_StdEPReq)
    USBD_StdItfReq                           0x08007ba5   Thumb Code   140  usbd_ctlreq.o(i.USBD_StdItfReq)
    USBD_static_free                         0x08007c31   Thumb Code     2  usbd_conf.o(i.USBD_static_free)
    USBD_static_malloc                       0x08007c35   Thumb Code     6  usbd_conf.o(i.USBD_static_malloc)
    USB_ActivateEndpoint                     0x08007c41   Thumb Code  1130  stm32l0xx_ll_usb.o(i.USB_ActivateEndpoint)
    USB_DeactivateEndpoint                   0x080080b5   Thumb Code   602  stm32l0xx_ll_usb.o(i.USB_DeactivateEndpoint)
    USB_DevConnect                           0x08008319   Thumb Code    20  stm32l0xx_ll_usb.o(i.USB_DevConnect)
    USB_DevInit                              0x0800832d   Thumb Code    32  stm32l0xx_ll_usb.o(i.USB_DevInit)
    USB_DisableGlobalInt                     0x0800834d   Thumb Code    18  stm32l0xx_ll_usb.o(i.USB_DisableGlobalInt)
    USB_EP0_OutStart                         0x08008365   Thumb Code     6  stm32l0xx_ll_usb.o(i.USB_EP0_OutStart)
    USB_EPClearStall                         0x0800836d   Thumb Code   198  stm32l0xx_ll_usb.o(i.USB_EPClearStall)
    USB_EPSetStall                           0x0800843d   Thumb Code    84  stm32l0xx_ll_usb.o(i.USB_EPSetStall)
    USB_EPStartXfer                          0x08008499   Thumb Code   998  stm32l0xx_ll_usb.o(i.USB_EPStartXfer)
    USB_EnableGlobalInt                      0x0800888d   Thumb Code    18  stm32l0xx_ll_usb.o(i.USB_EnableGlobalInt)
    USB_IRQHandler                           0x080088a5   Thumb Code    10  stm32l0xx_it.o(i.USB_IRQHandler)
    USB_ReadInterrupts                       0x080088b5   Thumb Code     8  stm32l0xx_ll_usb.o(i.USB_ReadInterrupts)
    USB_ReadPMA                              0x080088bd   Thumb Code    64  stm32l0xx_ll_usb.o(i.USB_ReadPMA)
    USB_SetDevAddress                        0x080088fd   Thumb Code    16  stm32l0xx_ll_usb.o(i.USB_SetDevAddress)
    USB_WritePMA                             0x0800890d   Thumb Code    58  stm32l0xx_ll_usb.o(i.USB_WritePMA)
    Write_Param                              0x08008949   Thumb Code   416  modbus_handle.o(i.Write_Param)
    __0sprintf                               0x08008b0d   Thumb Code    36  printfa.o(i.__0sprintf)
    __1sprintf                               0x08008b0d   Thumb Code     0  printfa.o(i.__0sprintf)
    __2sprintf                               0x08008b0d   Thumb Code     0  printfa.o(i.__0sprintf)
    __c89sprintf                             0x08008b0d   Thumb Code     0  printfa.o(i.__0sprintf)
    sprintf                                  0x08008b0d   Thumb Code     0  printfa.o(i.__0sprintf)
    __0vsnprintf                             0x08008b35   Thumb Code    40  printfa.o(i.__0vsnprintf)
    __1vsnprintf                             0x08008b35   Thumb Code     0  printfa.o(i.__0vsnprintf)
    __2vsnprintf                             0x08008b35   Thumb Code     0  printfa.o(i.__0vsnprintf)
    __c89vsnprintf                           0x08008b35   Thumb Code     0  printfa.o(i.__0vsnprintf)
    vsnprintf                                0x08008b35   Thumb Code     0  printfa.o(i.__0vsnprintf)
    __ARM_clz                                0x08008b61   Thumb Code    46  depilogue.o(i.__ARM_clz)
    __ARM_common_ll_muluu                    0x08008b8f   Thumb Code    48  stm32l0xx_hal_uart.o(i.__ARM_common_ll_muluu)
    __ARM_common_switch8                     0x08008bbf   Thumb Code    28  stm32l0xx_hal_tim.o(i.__ARM_common_switch8)
    __scatterload_copy                       0x08008bdb   Thumb Code    14  handlers.o(i.__scatterload_copy)
    __scatterload_null                       0x08008be9   Thumb Code     2  handlers.o(i.__scatterload_null)
    __scatterload_zeroinit                   0x08008beb   Thumb Code    14  handlers.o(i.__scatterload_zeroinit)
    at_command_content                       0x080094c5   Thumb Code    28  at_command.o(i.at_command_content)
    at_command_factory                       0x080094e1   Thumb Code    98  at_command.o(i.at_command_factory)
    at_command_parament                      0x08009569   Thumb Code    24  at_command.o(i.at_command_parament)
    crc_Compute                              0x08009581   Thumb Code    58  function.o(i.crc_Compute)
    crc_calc                                 0x08009609   Thumb Code    46  param_init.o(i.crc_calc)
    exchangeBytes                            0x08009637   Thumb Code    10  gsmodbus.o(i.exchangeBytes)
    get_partition                            0x08009641   Thumb Code    12  param_init.o(i.get_partition)
    get_value_str                            0x08009651   Thumb Code   120  function.o(i.get_value_str)
    get_value_uint32                         0x080096c9   Thumb Code   104  function.o(i.get_value_uint32)
    gsModbus_01_02_Response                  0x08009731   Thumb Code    44  gsmodbus.o(i.gsModbus_01_02_Response)
    gsModbus_03_04_Response                  0x0800975d   Thumb Code   182  gsmodbus.o(i.gsModbus_03_04_Response)
    gsModbus_05_06_Response                  0x08009813   Thumb Code   184  gsmodbus.o(i.gsModbus_05_06_Response)
    gsModbus_16_Response                     0x080098cb   Thumb Code   230  gsmodbus.o(i.gsModbus_16_Response)
    gsModbus_Exception_Response              0x080099b1   Thumb Code    72  gsmodbus.o(i.gsModbus_Exception_Response)
    gsModbus_Processor                       0x080099f9   Thumb Code   182  gsmodbus.o(i.gsModbus_Processor)
    gsModbus_Read_REG_Function               0x08009aaf   Thumb Code     6  gsmodbus.o(i.gsModbus_Read_REG_Function)
    gsModbus_Set_ADDR                        0x08009ab5   Thumb Code     4  gsmodbus.o(i.gsModbus_Set_ADDR)
    gsModbus_Set_SendFunction                0x08009ab9   Thumb Code    14  gsmodbus.o(i.gsModbus_Set_SendFunction)
    gsModbus_Write_REG_Function              0x08009ac7   Thumb Code     6  gsmodbus.o(i.gsModbus_Write_REG_Function)
    main                                     0x08009acd   Thumb Code   218  main.o(i.main)
    modbus_rtu_read_cfg                      0x08009bd1   Thumb Code   106  modbus_handle.o(i.modbus_rtu_read_cfg)
    modbus_rtu_write_cfg                     0x08009c41   Thumb Code    96  modbus_handle.o(i.modbus_rtu_write_cfg)
    mqttCheckSet                             0x08009ccd   Thumb Code     6  nb_mqtt.o(i.mqttCheckSet)
    mqttCheckStatusHandle                    0x08009cd3   Thumb Code     2  nb_mqtt.o(i.mqttCheckStatusHandle)
    mqttCloseHandle                          0x08009cd5   Thumb Code    60  nb_mqtt.o(i.mqttCloseHandle)
    mqttCloseSet                             0x08009d25   Thumb Code     6  nb_mqtt.o(i.mqttCloseSet)
    mqttConfigureHandle                      0x08009d2d   Thumb Code    40  nb_mqtt.o(i.mqttConfigureHandle)
    mqttConfigureSet                         0x08009d5d   Thumb Code     6  nb_mqtt.o(i.mqttConfigureSet)
    mqttConnectHandle                        0x08009d65   Thumb Code    90  nb_mqtt.o(i.mqttConnectHandle)
    mqttConnectSet                           0x08009dd5   Thumb Code     6  nb_mqtt.o(i.mqttConnectSet)
    mqttDisconnectHandle                     0x08009ddd   Thumb Code    46  nb_mqtt.o(i.mqttDisconnectHandle)
    mqttDisconnectSet                        0x08009e19   Thumb Code     6  nb_mqtt.o(i.mqttDisconnectSet)
    mqttOpenHandle                           0x08009e1f   Thumb Code     8  nb_mqtt.o(i.mqttOpenHandle)
    mqttOpenSet                              0x08009e27   Thumb Code     6  nb_mqtt.o(i.mqttOpenSet)
    mqttPubHandle                            0x08009e2d   Thumb Code   106  nb_mqtt.o(i.mqttPubHandle)
    mqttPubSet                               0x08009ec5   Thumb Code     6  nb_mqtt.o(i.mqttPubSet)
    mqttSubHandle                            0x08009ecd   Thumb Code    72  nb_mqtt.o(i.mqttSubHandle)
    mqttSubSet                               0x08009f2d   Thumb Code     6  nb_mqtt.o(i.mqttSubSet)
    mqtt_read_cfg                            0x08009f35   Thumb Code   168  modbus_handle.o(i.mqtt_read_cfg)
    mqtt_read_status                         0x08009fe1   Thumb Code    78  nbiot.o(i.mqtt_read_status)
    mqtt_write_cfg                           0x0800a039   Thumb Code   210  modbus_handle.o(i.mqtt_write_cfg)
    nbiot_activeNetwork                      0x0800a131   Thumb Code    90  nbiot.o(i.nbiot_activeNetwork)
    nbiot_checkAttachStatus                  0x0800a1b9   Thumb Code   102  nbiot.o(i.nbiot_checkAttachStatus)
    nbiot_checkIsActive                      0x0800a245   Thumb Code   114  nbiot.o(i.nbiot_checkIsActive)
    nbiot_checkNetworkInfo                   0x0800a2e9   Thumb Code   156  nbiot.o(i.nbiot_checkNetworkInfo)
    nbiot_getStatus                          0x0800a3c1   Thumb Code    10  nbiot.o(i.nbiot_getStatus)
    nbiot_init                               0x0800a3d1   Thumb Code   150  nbiot.o(i.nbiot_init)
    nbiot_poweroff_on                        0x0800a475   Thumb Code    32  nbiot.o(i.nbiot_poweroff_on)
    nbiot_read_cfg                           0x0800a499   Thumb Code   132  modbus_handle.o(i.nbiot_read_cfg)
    nbiot_read_status                        0x0800a521   Thumb Code    70  nbiot.o(i.nbiot_read_status)
    nbiot_tcp_cnt                            0x0800a56d   Thumb Code   182  nbiot.o(i.nbiot_tcp_cnt)
    nbiot_write_cfg                          0x0800a68d   Thumb Code   196  modbus_handle.o(i.nbiot_write_cfg)
    read_partition                           0x0800a759   Thumb Code   144  param_init.o(i.read_partition)
    read_partition_init                      0x0800a7ed   Thumb Code    50  param_init.o(i.read_partition_init)
    read_partition_modbus_rtu                0x0800a81f   Thumb Code    52  param_init.o(i.read_partition_modbus_rtu)
    round                                    0x0800a855   Thumb Code   142  round.o(i.round)
    rs485Mqtt                                0x0800a8f1   Thumb Code    20  upload_method.o(i.rs485Mqtt)
    set_value_str                            0x0800a909   Thumb Code   120  function.o(i.set_value_str)
    set_value_uint16                         0x0800a981   Thumb Code    64  function.o(i.set_value_uint16)
    set_value_uint32                         0x0800a9c1   Thumb Code   104  function.o(i.set_value_uint32)
    tcpRcvAndSnd                             0x0800aa29   Thumb Code   134  modbus_rtu.o(i.tcpRcvAndSnd)
    tcpSetCloseHandle                        0x0800aadd   Thumb Code     4  nb_tcp.o(i.tcpSetCloseHandle)
    tcpSetConnectHandle                      0x0800aae1   Thumb Code     4  nb_tcp.o(i.tcpSetConnectHandle)
    tcpSetDisConnectHandle                   0x0800aae5   Thumb Code     4  nb_tcp.o(i.tcpSetDisConnectHandle)
    tcpSetRcvHandle                          0x0800aae9   Thumb Code     4  nb_tcp.o(i.tcpSetRcvHandle)
    tcpSetSendHandle                         0x0800aaed   Thumb Code     4  nb_tcp.o(i.tcpSetSendHandle)
    uartConfigure                            0x0800aaf1   Thumb Code   106  main.o(i.uartConfigure)
    uploadMQTT                               0x0800ab65   Thumb Code    76  upload_method.o(i.uploadMQTT)
    usbModbusProcess                         0x0800abb5   Thumb Code    62  main.o(i.usbModbusProcess)
    write_partition                          0x0800ac01   Thumb Code   138  param_init.o(i.write_partition)
    write_partition_more_seq                 0x0800ac91   Thumb Code   152  param_init.o(i.write_partition_more_seq)
    AHBPrescTable                            0x0800ad8c   Data          16  system_stm32l0xx.o(.constdata)
    APBPrescTable                            0x0800ad9c   Data           8  system_stm32l0xx.o(.constdata)
    PLLMulTable                              0x0800ada4   Data           9  system_stm32l0xx.o(.constdata)
    __ctype_table                            0x0800adc5   Data         129  ctype_o.o(.constdata)
    Region$$Table$$Base                      0x0800ae4c   Number         0  anon$$obj.o(Region$$Table)
    Region$$Table$$Limit                     0x0800ae6c   Number         0  anon$$obj.o(Region$$Table)
    g_restore_flag                           0x20000000   Data           4  main.o(.data)
    g_uart_config_change                     0x20000004   Data           4  main.o(.data)
    timer6                                   0x20000008   Data           4  main.o(.data)
    mod_name_default                         0x2000000c   Data          16  main.o(.data)
    sw_v_default                             0x2000001c   Data          16  main.o(.data)
    usbPlugFlag                              0x2000002e   Data           1  usbd_conf.o(.data)
    FS_Desc                                  0x20000030   Data          28  usbd_desc.o(.data)
    USBD_FS_DeviceDesc                       0x2000004c   Data          18  usbd_desc.o(.data)
    USBD_LangIDDesc                          0x20000060   Data           4  usbd_desc.o(.data)
    USBD_StringSerial                        0x20000064   Data          26  usbd_desc.o(.data)
    USBD_Interface_fops_FS                   0x20000080   Data          16  usbd_cdc_if.o(.data)
    usb_rcv_flag                             0x20000090   Data           2  usbd_cdc_if.o(.data)
    usb_rcv_len                              0x20000092   Data           2  usbd_cdc_if.o(.data)
    rs485_uart_rcv_len                       0x20000094   Data           2  stm32l0xx_it.o(.data)
    irqNum_idle_uart                         0x20000096   Data           2  stm32l0xx_it.o(.data)
    param_config_tbl                         0x20000098   Data          72  param_init.o(.data)
    gs_baudrate                              0x200000e0   Data          40  gsmodbus.o(.data)
    uart_config_default                      0x20000108   Data          10  modbus_handle.o(.data)
    nbiot_config_default                     0x20000114   Data          66  modbus_handle.o(.data)
    b_nbiot_Config_Changed                   0x20000156   Data           1  modbus_handle.o(.data)
    mqtt_config_default                      0x20000158   Data         166  modbus_handle.o(.data)
    b_mqtt_Config_Changed                    0x200001fe   Data           1  modbus_handle.o(.data)
    user_info_default                        0x20000200   Data          32  modbus_handle.o(.data)
    ModbusRtuSendFlag                        0x20000220   Data           1  modbus_rtu.o(.data)
    ModbusRtuSeq                             0x20000221   Data           1  modbus_rtu.o(.data)
    ModbusRtuValueFlag                       0x20000222   Data           1  modbus_rtu.o(.data)
    uwTick                                   0x20000224   Data           4  stm32l0xx_hal.o(.data)
    SystemCoreClock                          0x20000228   Data           4  system_stm32l0xx.o(.data)
    USBD_CDC                                 0x2000023c   Data          56  usbd_cdc.o(.data)
    USBD_CDC_CfgHSDesc                       0x20000274   Data          67  usbd_cdc.o(.data)
    USBD_CDC_CfgFSDesc                       0x200002b8   Data          67  usbd_cdc.o(.data)
    USBD_CDC_OtherSpeedCfgDesc               0x200002fc   Data          67  usbd_cdc.o(.data)
    nbiot_status                             0x20000340   Data           1  nbiot.o(.data)
    mqtt_status                              0x20000342   Data           2  nbiot.o(.data)
    irqNum_idle                              0x20000344   Data           2  nbiot.o(.data)
    mqtt_count_down_timer_on                 0x2000034c   Data           4  nbiot.o(.data)
    mqtt_count_down_timer                    0x20000350   Data           4  nbiot.o(.data)
    mqtt_count_down_timer_timeout            0x20000354   Data           4  nbiot.o(.data)
    nb_tcp_rcv_flag                          0x20000358   Data           4  nbiot.o(.data)
    g_nbiot_rx_len                           0x2000035c   Data           4  nbiot.o(.data)
    detachFlag                               0x20000360   Data           4  nbiot.o(.data)
    HasLoopedThroughMain                     0x20000368   Data           1  timer.o(.data)
    NonScheduledWakeUp                       0x20000370   Data           1  rtc-board.o(.data)
    McuWakeUpTime                            0x20000378   Data           4  rtc-board.o(.data)
    usb_rcv_buff                             0x20000380   Data         128  main.o(.bss)
    modbus_slave                             0x20000400   Data         228  main.o(.bss)
    nb_tcp                                   0x200004e4   Data         104  main.o(.bss)
    nb_mqtt                                  0x2000054c   Data         200  main.o(.bss)
    hlpuart1                                 0x20000614   Data         128  usart.o(.bss)
    huart1                                   0x20000694   Data         128  usart.o(.bss)
    huart2                                   0x20000714   Data         128  usart.o(.bss)
    hdma_usart1_rx                           0x20000794   Data          72  usart.o(.bss)
    hUsbDeviceFS                             0x200007dc   Data         668  usb_device.o(.bss)
    hpcd_USB_FS                              0x20000a78   Data         628  usbd_conf.o(.bss)
    USBD_StrDesc                             0x20000f0c   Data         512  usbd_desc.o(.bss)
    UserRxBufferFS                           0x2000110c   Data        1000  usbd_cdc_if.o(.bss)
    UserTxBufferFS                           0x200014f4   Data        1000  usbd_cdc_if.o(.bss)
    rs485_uart_rcv_buffer                    0x200018dc   Data         256  stm32l0xx_it.o(.bss)
    uart_config                              0x200019dc   Data          10  modbus_handle.o(.bss)
    nbiot_config                             0x200019e6   Data          66  modbus_handle.o(.bss)
    mqtt_config                              0x20001a28   Data         166  modbus_handle.o(.bss)
    htim3                                    0x20001b50   Data          60  tim.o(.bss)
    htim6                                    0x20001b8c   Data          60  tim.o(.bss)
    htim7                                    0x20001bc8   Data          60  tim.o(.bss)
    htim22                                   0x20001c04   Data          60  tim.o(.bss)
    g_sensorData                             0x20001c40   Data         320  modbus_rtu.o(.bss)
    pFlash                                   0x20001d80   Data          24  stm32l0xx_hal_flash.o(.bss)
    nb_tcp_rcv                               0x20001da8   Data         256  nbiot.o(.bss)
    g_nbiot_RxBuffer                         0x20001ea8   Data         512  nbiot.o(.bss)
    RtcCalendarContext                       0x200020a8   Data          24  rtc-board.o(.bss)
    RtcHandle                                0x200020c0   Data          36  rtc-board.o(.bss)
    Uart2TxBuffer                            0x200020f8   Data        1024  board.o(.bss)
    Uart2RxBuffer                            0x200024f8   Data        1024  board.o(.bss)
    __initial_sp                             0x20003938   Data           0  startup_stm32l072xx.o(STACK)



==============================================================================

Memory Map of the image

  Image Entry point : 0x080000c1

  Load Region LR_IROM1 (Base: 0x08000000, Size: 0x0000b1ec, Max: 0x00020000, ABSOLUTE, COMPRESSED[0x0000afc0])

    Execution Region ER_IROM1 (Exec base: 0x08000000, Load base: 0x08000000, Size: 0x0000ae6c, Max: 0x00020000, ABSOLUTE)

    Exec Addr    Load Addr    Size         Type   Attr      Idx    E Section Name        Object

    0x08000000   0x08000000   0x000000c0   Data   RO            3    RESET               startup_stm32l072xx.o
    0x080000c0   0x080000c0   0x00000000   Code   RO         7024  * .ARM.Collect$$$$00000000  mc_p.l(entry.o)
    0x080000c0   0x080000c0   0x00000004   Code   RO         7341    .ARM.Collect$$$$00000001  mc_p.l(entry2.o)
    0x080000c4   0x080000c4   0x00000004   Code   RO         7344    .ARM.Collect$$$$00000004  mc_p.l(entry5.o)
    0x080000c8   0x080000c8   0x00000000   Code   RO         7346    .ARM.Collect$$$$00000008  mc_p.l(entry7b.o)
    0x080000c8   0x080000c8   0x00000000   Code   RO         7348    .ARM.Collect$$$$0000000A  mc_p.l(entry8b.o)
    0x080000c8   0x080000c8   0x00000008   Code   RO         7349    .ARM.Collect$$$$0000000B  mc_p.l(entry9a.o)
    0x080000d0   0x080000d0   0x00000000   Code   RO         7351    .ARM.Collect$$$$0000000D  mc_p.l(entry10a.o)
    0x080000d0   0x080000d0   0x00000000   Code   RO         7353    .ARM.Collect$$$$0000000F  mc_p.l(entry11a.o)
    0x080000d0   0x080000d0   0x00000004   Code   RO         7342    .ARM.Collect$$$$00002712  mc_p.l(entry2.o)
    0x080000d4   0x080000d4   0x0000001c   Code   RO            4    .text               startup_stm32l072xx.o
    0x080000f0   0x080000f0   0x0000002c   Code   RO         7027    .text               mc_p.l(uidiv.o)
    0x0800011c   0x0800011c   0x00000028   Code   RO         7029    .text               mc_p.l(idiv.o)
    0x08000144   0x08000144   0x00000060   Code   RO         7031    .text               mc_p.l(uldiv.o)
    0x080001a4   0x080001a4   0x00000024   Code   RO         7040    .text               mc_p.l(memcpya.o)
    0x080001c8   0x080001c8   0x00000024   Code   RO         7042    .text               mc_p.l(memseta.o)
    0x080001ec   0x080001ec   0x00000028   Code   RO         7044    .text               mc_p.l(strstr.o)
    0x08000214   0x08000214   0x0000000e   Code   RO         7046    .text               mc_p.l(strlen.o)
    0x08000222   0x08000222   0x0000001a   Code   RO         7050    .text               mc_p.l(memcmp.o)
    0x0800023c   0x0800023c   0x00000012   Code   RO         7052    .text               mc_p.l(strcpy.o)
    0x0800024e   0x0800024e   0x00000014   Code   RO         7317    .text               mc_p.l(uread4.o)
    0x08000262   0x08000262   0x00000002   PAD
    0x08000264   0x08000264   0x0000003c   Code   RO         7319    .text               mc_p.l(__0sscanf.o)
    0x080002a0   0x080002a0   0x0000014a   Code   RO         7321    .text               mc_p.l(_scanf_int.o)
    0x080003ea   0x080003ea   0x000000e8   Code   RO         7323    .text               mc_p.l(_scanf_str.o)
    0x080004d2   0x080004d2   0x00000002   PAD
    0x080004d4   0x080004d4   0x000000d0   Code   RO         7329    .text               mf_p.l(dmul.o)
    0x080005a4   0x080005a4   0x000000f0   Code   RO         7331    .text               mf_p.l(ddiv.o)
    0x08000694   0x08000694   0x0000001c   Code   RO         7335    .text               mf_p.l(dfltui.o)
    0x080006b0   0x080006b0   0x0000003c   Code   RO         7339    .text               mf_p.l(dfixui.o)
    0x080006ec   0x080006ec   0x00000020   Code   RO         7358    .text               mc_p.l(llshl.o)
    0x0800070c   0x0800070c   0x00000022   Code   RO         7360    .text               mc_p.l(llushr.o)
    0x0800072e   0x0800072e   0x0000001e   Code   RO         7375    .text               mc_p.l(_chval.o)
    0x0800074c   0x0800074c   0x0000002c   Code   RO         7377    .text               mc_p.l(scanf_char.o)
    0x08000778   0x08000778   0x00000044   Code   RO         7379    .text               mc_p.l(_sgetc.o)
    0x080007bc   0x080007bc   0x00000000   Code   RO         7383    .text               mc_p.l(iusefp.o)
    0x080007bc   0x080007bc   0x000000be   Code   RO         7386    .text               mf_p.l(depilogue.o)
    0x0800087a   0x0800087a   0x00000002   PAD
    0x0800087c   0x0800087c   0x00000164   Code   RO         7390    .text               mf_p.l(dadd.o)
    0x080009e0   0x080009e0   0x0000007c   Code   RO         7392    .text               mf_p.l(drnd.o)
    0x08000a5c   0x08000a5c   0x00000040   Code   RO         7394    .text               mf_p.l(dfixul.o)
    0x08000a9c   0x08000a9c   0x00000028   Code   RO         7396    .text               mf_p.l(cdcmple.o)
    0x08000ac4   0x08000ac4   0x00000028   Code   RO         7398    .text               mf_p.l(cdrcmple.o)
    0x08000aec   0x08000aec   0x00000024   Code   RO         7400    .text               mc_p.l(init.o)
    0x08000b10   0x08000b10   0x00000026   Code   RO         7403    .text               mc_p.l(llsshr.o)
    0x08000b36   0x08000b36   0x00000002   PAD
    0x08000b38   0x08000b38   0x00000008   Code   RO         7407    .text               mc_p.l(ctype_o.o)
    0x08000b40   0x08000b40   0x00000012   Code   RO         7429    .text               mc_p.l(isspace_o.o)
    0x08000b52   0x08000b52   0x00000002   PAD
    0x08000b54   0x08000b54   0x00000338   Code   RO         7435    .text               mc_p.l(_scanf.o)
    0x08000e8c   0x08000e8c   0x00000056   Code   RO         7451    .text               mc_p.l(__dczerorl2.o)
    0x08000ee2   0x08000ee2   0x00000002   PAD
    0x08000ee4   0x08000ee4   0x00000014   Code   RO         6717    i.BoardDisableIrq   board.o
    0x08000ef8   0x08000ef8   0x0000001c   Code   RO         6718    i.BoardEnableIrq    board.o
    0x08000f14   0x08000f14   0x00000040   Code   RO         6723    i.BoardInitMcu      board.o
    0x08000f54   0x08000f54   0x0000003c   Code   RO         6725    i.BoardResetMcu     board.o
    0x08000f90   0x08000f90   0x00000046   Code   RO          747    i.CDC_Control_FS    usbd_cdc_if.o
    0x08000fd6   0x08000fd6   0x00000004   Code   RO          748    i.CDC_DeInit_FS     usbd_cdc_if.o
    0x08000fda   0x08000fda   0x00000002   PAD
    0x08000fdc   0x08000fdc   0x00000024   Code   RO          749    i.CDC_Init_FS       usbd_cdc_if.o
    0x08001000   0x08001000   0x00000048   Code   RO          750    i.CDC_Receive_FS    usbd_cdc_if.o
    0x08001048   0x08001048   0x00000038   Code   RO          751    i.CDC_Transmit_FS   usbd_cdc_if.o
    0x08001080   0x08001080   0x0000001c   Code   RO         6166    i.CLR_NBIOT_RxBuf   nbiot.o
    0x0800109c   0x0800109c   0x0000003c   Code   RO         6727    i.CalibrateSystemWakeupTime  board.o
    0x080010d8   0x080010d8   0x00000010   Code   RO          795    i.DMA1_Channel2_3_IRQHandler  stm32l0xx_it.o
    0x080010e8   0x080010e8   0x0000005c   Code   RO           12    i.DebugPrintf       function.o
    0x08001144   0x08001144   0x0000000c   Code   RO         6352    i.DelayMs           delay.o
    0x08001150   0x08001150   0x0000000c   Code   RO         6532    i.DelayMsMcu        delay-board.o
    0x0800115c   0x0800115c   0x000000f0   Code   RO         1195    i.Do_R_HOLD_REG_Function  modbus_handle.o
    0x0800124c   0x0800124c   0x000000b0   Code   RO         1196    i.Do_W_HOLD_REG_Function  modbus_handle.o
    0x080012fc   0x080012fc   0x00000014   Code   RO         6899    i.EXTI0_1_IRQHandler  gpio-board.o
    0x08001310   0x08001310   0x00000014   Code   RO         6900    i.EXTI2_3_IRQHandler  gpio-board.o
    0x08001324   0x08001324   0x00000060   Code   RO         6901    i.EXTI4_15_IRQHandler  gpio-board.o
    0x08001384   0x08001384   0x00000002   Code   RO          199    i.Error_Handler     main.o
    0x08001386   0x08001386   0x00000002   PAD
    0x08001388   0x08001388   0x000000f0   Code   RO         4376    i.FLASH_SetErrorCode  stm32l0xx_hal_flash.o
    0x08001478   0x08001478   0x000000a8   Code   RO         4377    i.FLASH_WaitForLastOperation  stm32l0xx_hal_flash.o
    0x08001520   0x08001520   0x00000024   Code   RO         6167    i.Find              nbiot.o
    0x08001544   0x08001544   0x00000004   Code   RO         6728    i.GetBoardPowerSource  board.o
    0x08001548   0x08001548   0x00000030   Code   RO          664    i.Get_SerialNum     usbd_desc.o
    0x08001578   0x08001578   0x0000005c   Code   RO         4702    i.HAL_DMA_Abort_IT  stm32l0xx_hal_dma.o
    0x080015d4   0x080015d4   0x00000108   Code   RO         4706    i.HAL_DMA_IRQHandler  stm32l0xx_hal_dma.o
    0x080016dc   0x080016dc   0x000000a8   Code   RO         4707    i.HAL_DMA_Init      stm32l0xx_hal_dma.o
    0x08001784   0x08001784   0x00000022   Code   RO         3412    i.HAL_Delay         stm32l0xx_hal.o
    0x080017a6   0x080017a6   0x00000002   PAD
    0x080017a8   0x080017a8   0x00000014   Code   RO         4491    i.HAL_FLASHEx_DATAEEPROM_Lock  stm32l0xx_hal_flash_ex.o
    0x080017bc   0x080017bc   0x0000006c   Code   RO         4492    i.HAL_FLASHEx_DATAEEPROM_Program  stm32l0xx_hal_flash_ex.o
    0x08001828   0x08001828   0x0000004c   Code   RO         4493    i.HAL_FLASHEx_DATAEEPROM_Unlock  stm32l0xx_hal_flash_ex.o
    0x08001874   0x08001874   0x00000030   Code   RO         6908    i.HAL_GPIO_EXTI_Callback  gpio-board.o
    0x080018a4   0x080018a4   0x00000020   Code   RO         4640    i.HAL_GPIO_EXTI_IRQHandler  stm32l0xx_hal_gpio.o
    0x080018c4   0x080018c4   0x000001f8   Code   RO         4641    i.HAL_GPIO_Init     stm32l0xx_hal_gpio.o
    0x08001abc   0x08001abc   0x0000000c   Code   RO         4645    i.HAL_GPIO_WritePin  stm32l0xx_hal_gpio.o
    0x08001ac8   0x08001ac8   0x0000000c   Code   RO         3416    i.HAL_GetTick       stm32l0xx_hal.o
    0x08001ad4   0x08001ad4   0x00000010   Code   RO         3420    i.HAL_IncTick       stm32l0xx_hal.o
    0x08001ae4   0x08001ae4   0x0000002c   Code   RO         3421    i.HAL_Init          stm32l0xx_hal.o
    0x08001b10   0x08001b10   0x00000034   Code   RO         3422    i.HAL_InitTick      stm32l0xx_hal.o
    0x08001b44   0x08001b44   0x00000020   Code   RO          871    i.HAL_MspInit       stm32l0xx_hal_msp.o
    0x08001b64   0x08001b64   0x00000018   Code   RO         4968    i.HAL_NVIC_EnableIRQ  stm32l0xx_hal_cortex.o
    0x08001b7c   0x08001b7c   0x00000012   Code   RO         4972    i.HAL_NVIC_SetPriority  stm32l0xx_hal_cortex.o
    0x08001b8e   0x08001b8e   0x00000026   Code   RO         2014    i.HAL_PCDEx_ActivateBCD  stm32l0xx_hal_pcd_ex.o
    0x08001bb4   0x08001bb4   0x00000032   Code   RO         2015    i.HAL_PCDEx_ActivateLPM  stm32l0xx_hal_pcd_ex.o
    0x08001be6   0x08001be6   0x00000002   Code   RO         2020    i.HAL_PCDEx_LPM_Callback  stm32l0xx_hal_pcd_ex.o
    0x08001be8   0x08001be8   0x0000003e   Code   RO         2021    i.HAL_PCDEx_PMAConfig  stm32l0xx_hal_pcd_ex.o
    0x08001c26   0x08001c26   0x0000001e   Code   RO          457    i.HAL_PCD_DataInStageCallback  usbd_conf.o
    0x08001c44   0x08001c44   0x00000020   Code   RO          458    i.HAL_PCD_DataOutStageCallback  usbd_conf.o
    0x08001c64   0x08001c64   0x0000006c   Code   RO         1812    i.HAL_PCD_EP_Close  stm32l0xx_hal_pcd.o
    0x08001cd0   0x08001cd0   0x0000007e   Code   RO         1813    i.HAL_PCD_EP_ClrStall  stm32l0xx_hal_pcd.o
    0x08001d4e   0x08001d4e   0x00000012   Code   RO         1815    i.HAL_PCD_EP_GetRxCount  stm32l0xx_hal_pcd.o
    0x08001d60   0x08001d60   0x0000008e   Code   RO         1816    i.HAL_PCD_EP_Open   stm32l0xx_hal_pcd.o
    0x08001dee   0x08001dee   0x00000048   Code   RO         1817    i.HAL_PCD_EP_Receive  stm32l0xx_hal_pcd.o
    0x08001e36   0x08001e36   0x00000090   Code   RO         1818    i.HAL_PCD_EP_SetStall  stm32l0xx_hal_pcd.o
    0x08001ec6   0x08001ec6   0x00000048   Code   RO         1819    i.HAL_PCD_EP_Transmit  stm32l0xx_hal_pcd.o
    0x08001f0e   0x08001f0e   0x00000002   PAD
    0x08001f10   0x08001f10   0x00000200   Code   RO         1821    i.HAL_PCD_IRQHandler  stm32l0xx_hal_pcd.o
    0x08002110   0x08002110   0x00000130   Code   RO         1824    i.HAL_PCD_Init      stm32l0xx_hal_pcd.o
    0x08002240   0x08002240   0x00000034   Code   RO          463    i.HAL_PCD_MspInit   usbd_conf.o
    0x08002274   0x08002274   0x00000028   Code   RO          464    i.HAL_PCD_ResetCallback  usbd_conf.o
    0x0800229c   0x0800229c   0x0000002c   Code   RO          465    i.HAL_PCD_ResumeCallback  usbd_conf.o
    0x080022c8   0x080022c8   0x0000001c   Code   RO          466    i.HAL_PCD_SOFCallback  usbd_conf.o
    0x080022e4   0x080022e4   0x00000042   Code   RO         1830    i.HAL_PCD_SetAddress  stm32l0xx_hal_pcd.o
    0x08002326   0x08002326   0x00000016   Code   RO          467    i.HAL_PCD_SetupStageCallback  usbd_conf.o
    0x0800233c   0x0800233c   0x00000040   Code   RO         1832    i.HAL_PCD_Start     stm32l0xx_hal_pcd.o
    0x0800237c   0x0800237c   0x00000030   Code   RO          468    i.HAL_PCD_SuspendCallback  usbd_conf.o
    0x080023ac   0x080023ac   0x0000026c   Code   RO         4205    i.HAL_RCCEx_PeriphCLKConfig  stm32l0xx_hal_rcc_ex.o
    0x08002618   0x08002618   0x00000208   Code   RO         4096    i.HAL_RCC_ClockConfig  stm32l0xx_hal_rcc.o
    0x08002820   0x08002820   0x0000000c   Code   RO         4100    i.HAL_RCC_GetHCLKFreq  stm32l0xx_hal_rcc.o
    0x0800282c   0x0800282c   0x00000024   Code   RO         4102    i.HAL_RCC_GetPCLK1Freq  stm32l0xx_hal_rcc.o
    0x08002850   0x08002850   0x00000024   Code   RO         4103    i.HAL_RCC_GetPCLK2Freq  stm32l0xx_hal_rcc.o
    0x08002874   0x08002874   0x000000d0   Code   RO         4104    i.HAL_RCC_GetSysClockFreq  stm32l0xx_hal_rcc.o
    0x08002944   0x08002944   0x000006f4   Code   RO         4107    i.HAL_RCC_OscConfig  stm32l0xx_hal_rcc.o
    0x08003038   0x08003038   0x00000002   Code   RO         5209    i.HAL_RTCEx_AlarmBEventCallback  stm32l0xx_hal_rtc_ex.o
    0x0800303a   0x0800303a   0x00000058   Code   RO         5218    i.HAL_RTCEx_EnableBypassShadow  stm32l0xx_hal_rtc_ex.o
    0x08003092   0x08003092   0x00000002   Code   RO         5075    i.HAL_RTC_AlarmAEventCallback  stm32l0xx_hal_rtc.o
    0x08003094   0x08003094   0x00000088   Code   RO         5076    i.HAL_RTC_AlarmIRQHandler  stm32l0xx_hal_rtc.o
    0x0800311c   0x0800311c   0x00000110   Code   RO         5078    i.HAL_RTC_DeactivateAlarm  stm32l0xx_hal_rtc.o
    0x0800322c   0x0800322c   0x0000005c   Code   RO         5080    i.HAL_RTC_GetDate   stm32l0xx_hal_rtc.o
    0x08003288   0x08003288   0x0000006c   Code   RO         5082    i.HAL_RTC_GetTime   stm32l0xx_hal_rtc.o
    0x080032f4   0x080032f4   0x000000fc   Code   RO         5083    i.HAL_RTC_Init      stm32l0xx_hal_rtc.o
    0x080033f0   0x080033f0   0x00000002   Code   RO         5085    i.HAL_RTC_MspInit   stm32l0xx_hal_rtc.o
    0x080033f2   0x080033f2   0x00000002   PAD
    0x080033f4   0x080033f4   0x0000023c   Code   RO         5088    i.HAL_RTC_SetAlarm_IT  stm32l0xx_hal_rtc.o
    0x08003630   0x08003630   0x00000120   Code   RO         5089    i.HAL_RTC_SetDate   stm32l0xx_hal_rtc.o
    0x08003750   0x08003750   0x0000014c   Code   RO         5090    i.HAL_RTC_SetTime   stm32l0xx_hal_rtc.o
    0x0800389c   0x0800389c   0x0000003a   Code   RO         5091    i.HAL_RTC_WaitForSynchro  stm32l0xx_hal_rtc.o
    0x080038d6   0x080038d6   0x00000002   Code   RO         4975    i.HAL_SYSTICK_Callback  stm32l0xx_hal_cortex.o
    0x080038d8   0x080038d8   0x00000038   Code   RO         4976    i.HAL_SYSTICK_Config  stm32l0xx_hal_cortex.o
    0x08003910   0x08003910   0x00000008   Code   RO         4977    i.HAL_SYSTICK_IRQHandler  stm32l0xx_hal_cortex.o
    0x08003918   0x08003918   0x0000005c   Code   RO         3377    i.HAL_TIMEx_MasterConfigSynchronization  stm32l0xx_hal_tim_ex.o
    0x08003974   0x08003974   0x00000038   Code   RO         2698    i.HAL_TIM_Base_Init  stm32l0xx_hal_tim.o
    0x080039ac   0x080039ac   0x0000005c   Code   RO         1394    i.HAL_TIM_Base_MspInit  tim.o
    0x08003a08   0x08003a08   0x0000002a   Code   RO         2703    i.HAL_TIM_Base_Start_IT  stm32l0xx_hal_tim.o
    0x08003a32   0x08003a32   0x00000002   Code   RO         2727    i.HAL_TIM_IC_CaptureCallback  stm32l0xx_hal_tim.o
    0x08003a34   0x08003a34   0x0000017c   Code   RO         2741    i.HAL_TIM_IRQHandler  stm32l0xx_hal_tim.o
    0x08003bb0   0x08003bb0   0x00000002   Code   RO         2744    i.HAL_TIM_OC_DelayElapsedCallback  stm32l0xx_hal_tim.o
    0x08003bb2   0x08003bb2   0x00000002   Code   RO         2771    i.HAL_TIM_PWM_PulseFinishedCallback  stm32l0xx_hal_tim.o
    0x08003bb4   0x08003bb4   0x00000048   Code   RO          200    i.HAL_TIM_PeriodElapsedCallback  main.o
    0x08003bfc   0x08003bfc   0x00000002   Code   RO         2784    i.HAL_TIM_TriggerCallback  stm32l0xx_hal_tim.o
    0x08003bfe   0x08003bfe   0x00000002   Code   RO         2636    i.HAL_UARTEx_WakeupCallback  stm32l0xx_hal_uart_ex.o
    0x08003c00   0x08003c00   0x00000002   Code   RO         2292    i.HAL_UART_ErrorCallback  stm32l0xx_hal_uart.o
    0x08003c02   0x08003c02   0x00000002   PAD
    0x08003c04   0x08003c04   0x000001cc   Code   RO         2295    i.HAL_UART_IRQHandler  stm32l0xx_hal_uart.o
    0x08003dd0   0x08003dd0   0x0000007e   Code   RO         2296    i.HAL_UART_Init     stm32l0xx_hal_uart.o
    0x08003e4e   0x08003e4e   0x00000002   PAD
    0x08003e50   0x08003e50   0x0000017c   Code   RO          363    i.HAL_UART_MspInit  usart.o
    0x08003fcc   0x08003fcc   0x00000118   Code   RO         2301    i.HAL_UART_Receive_IT  stm32l0xx_hal_uart.o
    0x080040e4   0x080040e4   0x00000002   Code   RO         2302    i.HAL_UART_RxCpltCallback  stm32l0xx_hal_uart.o
    0x080040e6   0x080040e6   0x00000100   Code   RO         2304    i.HAL_UART_Transmit  stm32l0xx_hal_uart.o
    0x080041e6   0x080041e6   0x00000002   Code   RO         2307    i.HAL_UART_TxCpltCallback  stm32l0xx_hal_uart.o
    0x080041e8   0x080041e8   0x00000004   Code   RO          796    i.HardFault_Handler  stm32l0xx_it.o
    0x080041ec   0x080041ec   0x00000036   Code   RO          665    i.IntToUnicode      usbd_desc.o
    0x08004222   0x08004222   0x00000002   PAD
    0x08004224   0x08004224   0x000000a4   Code   RO          201    i.MX_GPIO_Init      main.o
    0x080042c8   0x080042c8   0x00000068   Code   RO          202    i.MX_MQTT_Init      main.o
    0x08004330   0x08004330   0x00000048   Code   RO          203    i.MX_NB_Init        main.o
    0x08004378   0x08004378   0x00000054   Code   RO         1399    i.MX_TIM6_Init      tim.o
    0x080043cc   0x080043cc   0x00000044   Code   RO          365    i.MX_USART1_UART_Init  usart.o
    0x08004410   0x08004410   0x00000064   Code   RO          366    i.MX_USART2_UART_Init  usart.o
    0x08004474   0x08004474   0x00000054   Code   RO          412    i.MX_USB_DEVICE_Init  usb_device.o
    0x080044c8   0x080044c8   0x000000f0   Code   RO          204    i.MX_WoMaster_Init  main.o
    0x080045b8   0x080045b8   0x000000b0   Code   RO         1659    i.ModbusRtuMqtt     modbus_rtu.o
    0x08004668   0x08004668   0x00000088   Code   RO         1660    i.ModbusRtuRcv      modbus_rtu.o
    0x080046f0   0x080046f0   0x00000034   Code   RO         1661    i.ModbusRtuSend     modbus_rtu.o
    0x08004724   0x08004724   0x0000009c   Code   RO         1662    i.ModbusRtuUnitSndAndRcv  modbus_rtu.o
    0x080047c0   0x080047c0   0x000000f8   Code   RO         1088    i.Modbus_Frame_Check  gsmodbus.o
    0x080048b8   0x080048b8   0x00000020   Code   RO         1197    i.Modbus_Slave_USBPutData  modbus_handle.o
    0x080048d8   0x080048d8   0x00000002   Code   RO          797    i.NMI_Handler       stm32l0xx_it.o
    0x080048da   0x080048da   0x00000002   PAD
    0x080048dc   0x080048dc   0x00000078   Code   RO         4978    i.NVIC_SetPriority  stm32l0xx_hal_cortex.o
    0x08004954   0x08004954   0x0000000c   Code   RO         6729    i.OnCalibrateSystemWakeupTimeTimerEvent  board.o
    0x08004960   0x08004960   0x000003c4   Code   RO         1835    i.PCD_EP_ISR_Handler  stm32l0xx_hal_pcd.o
    0x08004d24   0x08004d24   0x00000002   Code   RO          798    i.PendSV_Handler    stm32l0xx_it.o
    0x08004d26   0x08004d26   0x00000018   Code   RO         5092    i.RTC_Bcd2ToByte    stm32l0xx_hal_rtc.o
    0x08004d3e   0x08004d3e   0x0000001c   Code   RO         5093    i.RTC_ByteToBcd2    stm32l0xx_hal_rtc.o
    0x08004d5a   0x08004d5a   0x00000040   Code   RO         5094    i.RTC_EnterInitMode  stm32l0xx_hal_rtc.o
    0x08004d9a   0x08004d9a   0x00000002   PAD
    0x08004d9c   0x08004d9c   0x0000001c   Code   RO         6553    i.RTC_IRQHandler    rtc-board.o
    0x08004db8   0x08004db8   0x000000d4   Code   RO         1198    i.Read_Param        modbus_handle.o
    0x08004e8c   0x08004e8c   0x00000178   Code   RO         6556    i.RtcComputeTimerTimeToAlarmTick  rtc-board.o
    0x08005004   0x08005004   0x000000f8   Code   RO         6558    i.RtcConvertCalendarTickToTimerTime  rtc-board.o
    0x080050fc   0x080050fc   0x00000040   Code   RO         6559    i.RtcConvertMsToTick  rtc-board.o
    0x0800513c   0x0800513c   0x00000040   Code   RO         6560    i.RtcConvertTickToMs  rtc-board.o
    0x0800517c   0x0800517c   0x0000004c   Code   RO         6563    i.RtcGetAdjustedTimeoutValue  rtc-board.o
    0x080051c8   0x080051c8   0x00000054   Code   RO         6564    i.RtcGetCalendar    rtc-board.o
    0x0800521c   0x0800521c   0x00000034   Code   RO         6565    i.RtcGetElapsedAlarmTime  rtc-board.o
    0x08005250   0x08005250   0x000000a8   Code   RO         6567    i.RtcInit           rtc-board.o
    0x080052f8   0x080052f8   0x00000050   Code   RO         6569    i.RtcRecoverMcuStatus  rtc-board.o
    0x08005348   0x08005348   0x00000012   Code   RO         6570    i.RtcSetTimeout     rtc-board.o
    0x0800535a   0x0800535a   0x00000002   PAD
    0x0800535c   0x0800535c   0x000000a8   Code   RO         6571    i.RtcStartWakeUpAlarm  rtc-board.o
    0x08005404   0x08005404   0x00000002   Code   RO          799    i.SVC_Handler       stm32l0xx_it.o
    0x08005406   0x08005406   0x00000002   PAD
    0x08005408   0x08005408   0x00000058   Code   RO         1485    i.SendMqttConf      nb_mqtt.o
    0x08005460   0x08005460   0x000002bc   Code   RO         6169    i.Send_AT_Command   nbiot.o
    0x0800571c   0x0800571c   0x000000f4   Code   RO         1486    i.SetMqttConf       nb_mqtt.o
    0x08005810   0x08005810   0x00000008   Code   RO          917    i.StmL0xxEpromLock  param_init.o
    0x08005818   0x08005818   0x0000002c   Code   RO          919    i.StmL0xxEpromSingleHalfWordRead  param_init.o
    0x08005844   0x08005844   0x00000050   Code   RO          921    i.StmL0xxEpromSingleWrite  param_init.o
    0x08005894   0x08005894   0x00000008   Code   RO          922    i.StmL0xxEpromUnlock  param_init.o
    0x0800589c   0x0800589c   0x0000000c   Code   RO         6730    i.SysTick_Handler   board.o
    0x080058a8   0x080058a8   0x00000008   Code   RO          469    i.SystemClockConfig_Resume  usbd_conf.o
    0x080058b0   0x080058b0   0x00000084   Code   RO         6732    i.SystemClockReConfig  board.o
    0x08005934   0x08005934   0x000000ac   Code   RO          205    i.SystemClock_Config  main.o
    0x080059e0   0x080059e0   0x00000068   Code   RO         5752    i.SystemInit        system_stm32l0xx.o
    0x08005a48   0x08005a48   0x00000044   Code   RO         1283    i.TCPCloseHandle    nb_tcp.o
    0x08005a8c   0x08005a8c   0x00000008   Code   RO         1284    i.TCPConnectHandle  nb_tcp.o
    0x08005a94   0x08005a94   0x00000044   Code   RO         1285    i.TCPDisConnectHandle  nb_tcp.o
    0x08005ad8   0x08005ad8   0x00000058   Code   RO         1286    i.TCPReceiveHandle  nb_tcp.o
    0x08005b30   0x08005b30   0x00000060   Code   RO         1287    i.TCPSendHandle     nb_tcp.o
    0x08005b90   0x08005b90   0x00000010   Code   RO          800    i.TIM6_DAC_IRQHandler  stm32l0xx_it.o
    0x08005ba0   0x08005ba0   0x0000007c   Code   RO         2786    i.TIM_Base_SetConfig  stm32l0xx_hal_tim.o
    0x08005c1c   0x08005c1c   0x00000020   Code   RO         6372    i.TimerExists       timer.o
    0x08005c3c   0x08005c3c   0x00000008   Code   RO         6376    i.TimerGetValue     timer.o
    0x08005c44   0x08005c44   0x0000000e   Code   RO         6377    i.TimerInit         timer.o
    0x08005c52   0x08005c52   0x00000002   PAD
    0x08005c54   0x08005c54   0x00000030   Code   RO         6378    i.TimerInsertNewHeadTimer  timer.o
    0x08005c84   0x08005c84   0x00000074   Code   RO         6379    i.TimerInsertTimer  timer.o
    0x08005cf8   0x08005cf8   0x00000094   Code   RO         6380    i.TimerIrqHandler   timer.o
    0x08005d8c   0x08005d8c   0x00000020   Code   RO         6384    i.TimerSetTimeout   timer.o
    0x08005dac   0x08005dac   0x00000012   Code   RO         6385    i.TimerSetValue     timer.o
    0x08005dbe   0x08005dbe   0x00000002   PAD
    0x08005dc0   0x08005dc0   0x00000090   Code   RO         6386    i.TimerStart        timer.o
    0x08005e50   0x08005e50   0x000000f4   Code   RO         6387    i.TimerStop         timer.o
    0x08005f44   0x08005f44   0x000000f0   Code   RO         2309    i.UART_AdvFeatureConfig  stm32l0xx_hal_uart.o
    0x08006034   0x08006034   0x00000070   Code   RO         2310    i.UART_CheckIdleState  stm32l0xx_hal_uart.o
    0x080060a4   0x080060a4   0x00000018   Code   RO         2311    i.UART_DMAAbortOnError  stm32l0xx_hal_uart.o
    0x080060bc   0x080060bc   0x00000024   Code   RO         2321    i.UART_EndRxTransfer  stm32l0xx_hal_uart.o
    0x080060e0   0x080060e0   0x00000020   Code   RO         2322    i.UART_EndTransmit_IT  stm32l0xx_hal_uart.o
    0x08006100   0x08006100   0x0000006c   Code   RO         2324    i.UART_RxISR_16BIT  stm32l0xx_hal_uart.o
    0x0800616c   0x0800616c   0x0000006c   Code   RO         2325    i.UART_RxISR_8BIT   stm32l0xx_hal_uart.o
    0x080061d8   0x080061d8   0x00000400   Code   RO         2326    i.UART_SetConfig    stm32l0xx_hal_uart.o
    0x080065d8   0x080065d8   0x0000006c   Code   RO         2329    i.UART_WaitOnFlagUntilTimeout  stm32l0xx_hal_uart.o
    0x08006644   0x08006644   0x00000090   Code   RO          801    i.USART1_IRQHandler  stm32l0xx_it.o
    0x080066d4   0x080066d4   0x00000078   Code   RO          802    i.USART2_IRQHandler  stm32l0xx_it.o
    0x0800674c   0x0800674c   0x0000007a   Code   RO         6065    i.USBD_CDC_DataIn   usbd_cdc.o
    0x080067c6   0x080067c6   0x00000048   Code   RO         6066    i.USBD_CDC_DataOut  usbd_cdc.o
    0x0800680e   0x0800680e   0x00000062   Code   RO         6067    i.USBD_CDC_DeInit   usbd_cdc.o
    0x08006870   0x08006870   0x00000048   Code   RO         6068    i.USBD_CDC_EP0_RxReady  usbd_cdc.o
    0x080068b8   0x080068b8   0x00000010   Code   RO         6069    i.USBD_CDC_GetDeviceQualifierDescriptor  usbd_cdc.o
    0x080068c8   0x080068c8   0x00000010   Code   RO         6070    i.USBD_CDC_GetFSCfgDesc  usbd_cdc.o
    0x080068d8   0x080068d8   0x00000010   Code   RO         6071    i.USBD_CDC_GetHSCfgDesc  usbd_cdc.o
    0x080068e8   0x080068e8   0x00000010   Code   RO         6072    i.USBD_CDC_GetOtherSpeedCfgDesc  usbd_cdc.o
    0x080068f8   0x080068f8   0x000000d2   Code   RO         6073    i.USBD_CDC_Init     usbd_cdc.o
    0x080069ca   0x080069ca   0x00000048   Code   RO         6074    i.USBD_CDC_ReceivePacket  usbd_cdc.o
    0x08006a12   0x08006a12   0x00000014   Code   RO         6075    i.USBD_CDC_RegisterInterface  usbd_cdc.o
    0x08006a26   0x08006a26   0x00000014   Code   RO         6076    i.USBD_CDC_SetRxBuffer  usbd_cdc.o
    0x08006a3a   0x08006a3a   0x0000001c   Code   RO         6077    i.USBD_CDC_SetTxBuffer  usbd_cdc.o
    0x08006a56   0x08006a56   0x00000112   Code   RO         6078    i.USBD_CDC_Setup    usbd_cdc.o
    0x08006b68   0x08006b68   0x0000004e   Code   RO         6079    i.USBD_CDC_TransmitPacket  usbd_cdc.o
    0x08006bb6   0x08006bb6   0x0000001a   Code   RO         5784    i.USBD_ClrClassConfig  usbd_core.o
    0x08006bd0   0x08006bd0   0x00000044   Code   RO         5918    i.USBD_ClrFeature   usbd_ctlreq.o
    0x08006c14   0x08006c14   0x00000018   Code   RO         6009    i.USBD_CtlContinueRx  usbd_ioreq.o
    0x08006c2c   0x08006c2c   0x00000018   Code   RO         6010    i.USBD_CtlContinueSendData  usbd_ioreq.o
    0x08006c44   0x08006c44   0x00000018   Code   RO         5919    i.USBD_CtlError     usbd_ctlreq.o
    0x08006c5c   0x08006c5c   0x0000002a   Code   RO         6011    i.USBD_CtlPrepareRx  usbd_ioreq.o
    0x08006c86   0x08006c86   0x0000001c   Code   RO         6012    i.USBD_CtlReceiveStatus  usbd_ioreq.o
    0x08006ca2   0x08006ca2   0x00000024   Code   RO         6013    i.USBD_CtlSendData  usbd_ioreq.o
    0x08006cc6   0x08006cc6   0x0000001c   Code   RO         6014    i.USBD_CtlSendStatus  usbd_ioreq.o
    0x08006ce2   0x08006ce2   0x00000002   PAD
    0x08006ce4   0x08006ce4   0x00000034   Code   RO          666    i.USBD_FS_ConfigStrDescriptor  usbd_desc.o
    0x08006d18   0x08006d18   0x00000010   Code   RO          667    i.USBD_FS_DeviceDescriptor  usbd_desc.o
    0x08006d28   0x08006d28   0x00000038   Code   RO          668    i.USBD_FS_InterfaceStrDescriptor  usbd_desc.o
    0x08006d60   0x08006d60   0x00000010   Code   RO          669    i.USBD_FS_LangIDStrDescriptor  usbd_desc.o
    0x08006d70   0x08006d70   0x0000002c   Code   RO          670    i.USBD_FS_ManufacturerStrDescriptor  usbd_desc.o
    0x08006d9c   0x08006d9c   0x00000040   Code   RO          671    i.USBD_FS_ProductStrDescriptor  usbd_desc.o
    0x08006ddc   0x08006ddc   0x00000018   Code   RO          672    i.USBD_FS_SerialStrDescriptor  usbd_desc.o
    0x08006df4   0x08006df4   0x0000005a   Code   RO         5920    i.USBD_GetConfig    usbd_ctlreq.o
    0x08006e4e   0x08006e4e   0x00000188   Code   RO         5921    i.USBD_GetDescriptor  usbd_ctlreq.o
    0x08006fd6   0x08006fd6   0x00000014   Code   RO         5922    i.USBD_GetLen       usbd_ctlreq.o
    0x08006fea   0x08006fea   0x00000062   Code   RO         5923    i.USBD_GetStatus    usbd_ctlreq.o
    0x0800704c   0x0800704c   0x0000004e   Code   RO         5924    i.USBD_GetString    usbd_ctlreq.o
    0x0800709a   0x0800709a   0x0000002e   Code   RO          470    i.USBD_Get_USB_Status  usbd_conf.o
    0x080070c8   0x080070c8   0x00000048   Code   RO         5786    i.USBD_Init         usbd_core.o
    0x08007110   0x08007110   0x00000026   Code   RO          471    i.USBD_LL_ClearStallEP  usbd_conf.o
    0x08007136   0x08007136   0x00000026   Code   RO          472    i.USBD_LL_CloseEP   usbd_conf.o
    0x0800715c   0x0800715c   0x0000012c   Code   RO         5787    i.USBD_LL_DataInStage  usbd_core.o
    0x08007288   0x08007288   0x000000c4   Code   RO         5788    i.USBD_LL_DataOutStage  usbd_core.o
    0x0800734c   0x0800734c   0x00000016   Code   RO          476    i.USBD_LL_GetRxDataSize  usbd_conf.o
    0x08007362   0x08007362   0x00000002   PAD
    0x08007364   0x08007364   0x000000a8   Code   RO          477    i.USBD_LL_Init      usbd_conf.o
    0x0800740c   0x0800740c   0x00000032   Code   RO          478    i.USBD_LL_IsStallEP  usbd_conf.o
    0x0800743e   0x0800743e   0x00000030   Code   RO          479    i.USBD_LL_OpenEP    usbd_conf.o
    0x0800746e   0x0800746e   0x00000030   Code   RO          480    i.USBD_LL_PrepareReceive  usbd_conf.o
    0x0800749e   0x0800749e   0x0000006e   Code   RO         5793    i.USBD_LL_Reset     usbd_core.o
    0x0800750c   0x0800750c   0x00000016   Code   RO         5794    i.USBD_LL_Resume    usbd_core.o
    0x08007522   0x08007522   0x00000030   Code   RO         5795    i.USBD_LL_SOF       usbd_core.o
    0x08007552   0x08007552   0x00000008   Code   RO         5796    i.USBD_LL_SetSpeed  usbd_core.o
    0x0800755a   0x0800755a   0x00000026   Code   RO          481    i.USBD_LL_SetUSBAddress  usbd_conf.o
    0x08007580   0x08007580   0x00000088   Code   RO         5797    i.USBD_LL_SetupStage  usbd_core.o
    0x08007608   0x08007608   0x00000026   Code   RO          482    i.USBD_LL_StallEP   usbd_conf.o
    0x0800762e   0x0800762e   0x00000022   Code   RO          483    i.USBD_LL_Start     usbd_conf.o
    0x08007650   0x08007650   0x00000020   Code   RO         5798    i.USBD_LL_Suspend   usbd_core.o
    0x08007670   0x08007670   0x00000030   Code   RO          485    i.USBD_LL_Transmit  usbd_conf.o
    0x080076a0   0x080076a0   0x00000028   Code   RO         5925    i.USBD_ParseSetupRequest  usbd_ctlreq.o
    0x080076c8   0x080076c8   0x00000016   Code   RO         5799    i.USBD_RegisterClass  usbd_core.o
    0x080076de   0x080076de   0x00000006   Code   RO         5800    i.USBD_RunTestMode  usbd_core.o
    0x080076e4   0x080076e4   0x00000070   Code   RO         5926    i.USBD_SetAddress   usbd_ctlreq.o
    0x08007754   0x08007754   0x0000002e   Code   RO         5801    i.USBD_SetClassConfig  usbd_core.o
    0x08007782   0x08007782   0x00000002   PAD
    0x08007784   0x08007784   0x000000f8   Code   RO         5927    i.USBD_SetConfig    usbd_ctlreq.o
    0x0800787c   0x0800787c   0x0000001c   Code   RO         5928    i.USBD_SetFeature   usbd_ctlreq.o
    0x08007898   0x08007898   0x0000000e   Code   RO         5802    i.USBD_Start        usbd_core.o
    0x080078a6   0x080078a6   0x000000a8   Code   RO         5929    i.USBD_StdDevReq    usbd_ctlreq.o
    0x0800794e   0x0800794e   0x00000256   Code   RO         5930    i.USBD_StdEPReq     usbd_ctlreq.o
    0x08007ba4   0x08007ba4   0x0000008c   Code   RO         5931    i.USBD_StdItfReq    usbd_ctlreq.o
    0x08007c30   0x08007c30   0x00000002   Code   RO          486    i.USBD_static_free  usbd_conf.o
    0x08007c32   0x08007c32   0x00000002   PAD
    0x08007c34   0x08007c34   0x0000000c   Code   RO          487    i.USBD_static_malloc  usbd_conf.o
    0x08007c40   0x08007c40   0x00000474   Code   RO         2076    i.USB_ActivateEndpoint  stm32l0xx_ll_usb.o
    0x080080b4   0x080080b4   0x00000264   Code   RO         2081    i.USB_DeactivateEndpoint  stm32l0xx_ll_usb.o
    0x08008318   0x08008318   0x00000014   Code   RO         2082    i.USB_DevConnect    stm32l0xx_ll_usb.o
    0x0800832c   0x0800832c   0x00000020   Code   RO         2084    i.USB_DevInit       stm32l0xx_ll_usb.o
    0x0800834c   0x0800834c   0x00000018   Code   RO         2085    i.USB_DisableGlobalInt  stm32l0xx_ll_usb.o
    0x08008364   0x08008364   0x00000006   Code   RO         2086    i.USB_EP0_OutStart  stm32l0xx_ll_usb.o
    0x0800836a   0x0800836a   0x00000002   PAD
    0x0800836c   0x0800836c   0x000000d0   Code   RO         2087    i.USB_EPClearStall  stm32l0xx_ll_usb.o
    0x0800843c   0x0800843c   0x0000005c   Code   RO         2088    i.USB_EPSetStall    stm32l0xx_ll_usb.o
    0x08008498   0x08008498   0x000003f4   Code   RO         2089    i.USB_EPStartXfer   stm32l0xx_ll_usb.o
    0x0800888c   0x0800888c   0x00000018   Code   RO         2090    i.USB_EnableGlobalInt  stm32l0xx_ll_usb.o
    0x080088a4   0x080088a4   0x00000010   Code   RO          803    i.USB_IRQHandler    stm32l0xx_it.o
    0x080088b4   0x080088b4   0x00000008   Code   RO         2097    i.USB_ReadInterrupts  stm32l0xx_ll_usb.o
    0x080088bc   0x080088bc   0x00000040   Code   RO         2098    i.USB_ReadPMA       stm32l0xx_ll_usb.o
    0x080088fc   0x080088fc   0x00000010   Code   RO         2101    i.USB_SetDevAddress  stm32l0xx_ll_usb.o
    0x0800890c   0x0800890c   0x0000003a   Code   RO         2104    i.USB_WritePMA      stm32l0xx_ll_usb.o
    0x08008946   0x08008946   0x00000002   PAD
    0x08008948   0x08008948   0x000001c4   Code   RO         1199    i.Write_Param       modbus_handle.o
    0x08008b0c   0x08008b0c   0x00000028   Code   RO         7291    i.__0sprintf        mc_p.l(printfa.o)
    0x08008b34   0x08008b34   0x0000002c   Code   RO         7294    i.__0vsnprintf      mc_p.l(printfa.o)
    0x08008b60   0x08008b60   0x0000002e   Code   RO         7388    i.__ARM_clz         mf_p.l(depilogue.o)
    0x08008b8e   0x08008b8e   0x00000030   Code   RO         2622    i.__ARM_common_ll_muluu  stm32l0xx_hal_uart.o
    0x08008bbe   0x08008bbe   0x0000001c   Code   RO         3370    i.__ARM_common_switch8  stm32l0xx_hal_tim.o
    0x08008bda   0x08008bda   0x0000000e   Code   RO         7445    i.__scatterload_copy  mc_p.l(handlers.o)
    0x08008be8   0x08008be8   0x00000002   Code   RO         7446    i.__scatterload_null  mc_p.l(handlers.o)
    0x08008bea   0x08008bea   0x0000000e   Code   RO         7447    i.__scatterload_zeroinit  mc_p.l(handlers.o)
    0x08008bf8   0x08008bf8   0x00000174   Code   RO         7296    i._fp_digits        mc_p.l(printfa.o)
    0x08008d6c   0x08008d6c   0x000006ec   Code   RO         7297    i._printf_core      mc_p.l(printfa.o)
    0x08009458   0x08009458   0x00000020   Code   RO         7298    i._printf_post_padding  mc_p.l(printfa.o)
    0x08009478   0x08009478   0x0000002c   Code   RO         7299    i._printf_pre_padding  mc_p.l(printfa.o)
    0x080094a4   0x080094a4   0x00000016   Code   RO         7300    i._snputc           mc_p.l(printfa.o)
    0x080094ba   0x080094ba   0x0000000a   Code   RO         7301    i._sputc            mc_p.l(printfa.o)
    0x080094c4   0x080094c4   0x0000001c   Code   RO         1459    i.at_command_content  at_command.o
    0x080094e0   0x080094e0   0x00000088   Code   RO         1460    i.at_command_factory  at_command.o
    0x08009568   0x08009568   0x00000018   Code   RO         1461    i.at_command_parament  at_command.o
    0x08009580   0x08009580   0x00000044   Code   RO           13    i.crc_Compute       function.o
    0x080095c4   0x080095c4   0x00000044   Code   RO         1089    i.crc_Compute       gsmodbus.o
    0x08009608   0x08009608   0x0000002e   Code   RO          924    i.crc_calc          param_init.o
    0x08009636   0x08009636   0x0000000a   Code   RO         1090    i.exchangeBytes     gsmodbus.o
    0x08009640   0x08009640   0x00000010   Code   RO          925    i.get_partition     param_init.o
    0x08009650   0x08009650   0x00000078   Code   RO           14    i.get_value_str     function.o
    0x080096c8   0x080096c8   0x00000068   Code   RO           15    i.get_value_uint32  function.o
    0x08009730   0x08009730   0x0000002c   Code   RO         1091    i.gsModbus_01_02_Response  gsmodbus.o
    0x0800975c   0x0800975c   0x000000b6   Code   RO         1092    i.gsModbus_03_04_Response  gsmodbus.o
    0x08009812   0x08009812   0x000000b8   Code   RO         1093    i.gsModbus_05_06_Response  gsmodbus.o
    0x080098ca   0x080098ca   0x000000e6   Code   RO         1094    i.gsModbus_16_Response  gsmodbus.o
    0x080099b0   0x080099b0   0x00000048   Code   RO         1097    i.gsModbus_Exception_Response  gsmodbus.o
    0x080099f8   0x080099f8   0x000000b6   Code   RO         1098    i.gsModbus_Processor  gsmodbus.o
    0x08009aae   0x08009aae   0x00000006   Code   RO         1099    i.gsModbus_Read_REG_Function  gsmodbus.o
    0x08009ab4   0x08009ab4   0x00000004   Code   RO         1100    i.gsModbus_Set_ADDR  gsmodbus.o
    0x08009ab8   0x08009ab8   0x0000000e   Code   RO         1101    i.gsModbus_Set_SendFunction  gsmodbus.o
    0x08009ac6   0x08009ac6   0x00000006   Code   RO         1102    i.gsModbus_Write_REG_Function  gsmodbus.o
    0x08009acc   0x08009acc   0x00000104   Code   RO          206    i.main              main.o
    0x08009bd0   0x08009bd0   0x00000070   Code   RO         1200    i.modbus_rtu_read_cfg  modbus_handle.o
    0x08009c40   0x08009c40   0x00000064   Code   RO         1201    i.modbus_rtu_write_cfg  modbus_handle.o
    0x08009ca4   0x08009ca4   0x00000028   Code   RO         1487    i.mqttATSend        nb_mqtt.o
    0x08009ccc   0x08009ccc   0x00000006   Code   RO         1489    i.mqttCheckSet      nb_mqtt.o
    0x08009cd2   0x08009cd2   0x00000002   Code   RO         1490    i.mqttCheckStatusHandle  nb_mqtt.o
    0x08009cd4   0x08009cd4   0x00000050   Code   RO         1492    i.mqttCloseHandle   nb_mqtt.o
    0x08009d24   0x08009d24   0x00000006   Code   RO         1493    i.mqttCloseSet      nb_mqtt.o
    0x08009d2a   0x08009d2a   0x00000002   PAD
    0x08009d2c   0x08009d2c   0x00000030   Code   RO         1494    i.mqttConfigureHandle  nb_mqtt.o
    0x08009d5c   0x08009d5c   0x00000006   Code   RO         1495    i.mqttConfigureSet  nb_mqtt.o
    0x08009d62   0x08009d62   0x00000002   PAD
    0x08009d64   0x08009d64   0x00000070   Code   RO         1496    i.mqttConnectHandle  nb_mqtt.o
    0x08009dd4   0x08009dd4   0x00000006   Code   RO         1497    i.mqttConnectSet    nb_mqtt.o
    0x08009dda   0x08009dda   0x00000002   PAD
    0x08009ddc   0x08009ddc   0x0000003c   Code   RO         1498    i.mqttDisconnectHandle  nb_mqtt.o
    0x08009e18   0x08009e18   0x00000006   Code   RO         1499    i.mqttDisconnectSet  nb_mqtt.o
    0x08009e1e   0x08009e1e   0x00000008   Code   RO         1501    i.mqttOpenHandle    nb_mqtt.o
    0x08009e26   0x08009e26   0x00000006   Code   RO         1502    i.mqttOpenSet       nb_mqtt.o
    0x08009e2c   0x08009e2c   0x00000098   Code   RO         1505    i.mqttPubHandle     nb_mqtt.o
    0x08009ec4   0x08009ec4   0x00000006   Code   RO         1506    i.mqttPubSet        nb_mqtt.o
    0x08009eca   0x08009eca   0x00000002   PAD
    0x08009ecc   0x08009ecc   0x00000060   Code   RO         1507    i.mqttSubHandle     nb_mqtt.o
    0x08009f2c   0x08009f2c   0x00000006   Code   RO         1508    i.mqttSubSet        nb_mqtt.o
    0x08009f32   0x08009f32   0x00000002   PAD
    0x08009f34   0x08009f34   0x000000ac   Code   RO         1202    i.mqtt_read_cfg     modbus_handle.o
    0x08009fe0   0x08009fe0   0x00000058   Code   RO         6173    i.mqtt_read_status  nbiot.o
    0x0800a038   0x0800a038   0x000000dc   Code   RO         1203    i.mqtt_write_cfg    modbus_handle.o
    0x0800a114   0x0800a114   0x0000001c   Code   RO          207    i.nbiotDetect       main.o
    0x0800a130   0x0800a130   0x00000088   Code   RO         6174    i.nbiot_activeNetwork  nbiot.o
    0x0800a1b8   0x0800a1b8   0x0000008c   Code   RO         6175    i.nbiot_checkAttachStatus  nbiot.o
    0x0800a244   0x0800a244   0x000000a4   Code   RO         6176    i.nbiot_checkIsActive  nbiot.o
    0x0800a2e8   0x0800a2e8   0x000000d8   Code   RO         6178    i.nbiot_checkNetworkInfo  nbiot.o
    0x0800a3c0   0x0800a3c0   0x00000010   Code   RO         6181    i.nbiot_getStatus   nbiot.o
    0x0800a3d0   0x0800a3d0   0x000000a4   Code   RO         6182    i.nbiot_init        nbiot.o
    0x0800a474   0x0800a474   0x00000024   Code   RO         6183    i.nbiot_poweroff_on  nbiot.o
    0x0800a498   0x0800a498   0x00000088   Code   RO         1204    i.nbiot_read_cfg    modbus_handle.o
    0x0800a520   0x0800a520   0x0000004c   Code   RO         6185    i.nbiot_read_status  nbiot.o
    0x0800a56c   0x0800a56c   0x00000120   Code   RO         6190    i.nbiot_tcp_cnt     nbiot.o
    0x0800a68c   0x0800a68c   0x000000cc   Code   RO         1205    i.nbiot_write_cfg   modbus_handle.o
    0x0800a758   0x0800a758   0x00000094   Code   RO          926    i.read_partition    param_init.o
    0x0800a7ec   0x0800a7ec   0x00000032   Code   RO          927    i.read_partition_init  param_init.o
    0x0800a81e   0x0800a81e   0x00000034   Code   RO          928    i.read_partition_modbus_rtu  param_init.o
    0x0800a852   0x0800a852   0x00000002   PAD
    0x0800a854   0x0800a854   0x0000009c   Code   RO         7022    i.round             m_ps.l(round.o)
    0x0800a8f0   0x0800a8f0   0x00000018   Code   RO         1710    i.rs485Mqtt         upload_method.o
    0x0800a908   0x0800a908   0x00000078   Code   RO           16    i.set_value_str     function.o
    0x0800a980   0x0800a980   0x00000040   Code   RO           17    i.set_value_uint16  function.o
    0x0800a9c0   0x0800a9c0   0x00000068   Code   RO           18    i.set_value_uint32  function.o
    0x0800aa28   0x0800aa28   0x000000b4   Code   RO         1663    i.tcpRcvAndSnd      modbus_rtu.o
    0x0800aadc   0x0800aadc   0x00000004   Code   RO         1291    i.tcpSetCloseHandle  nb_tcp.o
    0x0800aae0   0x0800aae0   0x00000004   Code   RO         1292    i.tcpSetConnectHandle  nb_tcp.o
    0x0800aae4   0x0800aae4   0x00000004   Code   RO         1293    i.tcpSetDisConnectHandle  nb_tcp.o
    0x0800aae8   0x0800aae8   0x00000004   Code   RO         1294    i.tcpSetRcvHandle   nb_tcp.o
    0x0800aaec   0x0800aaec   0x00000004   Code   RO         1295    i.tcpSetSendHandle  nb_tcp.o
    0x0800aaf0   0x0800aaf0   0x00000074   Code   RO          208    i.uartConfigure     main.o
    0x0800ab64   0x0800ab64   0x00000050   Code   RO         1711    i.uploadMQTT        upload_method.o
    0x0800abb4   0x0800abb4   0x0000004c   Code   RO          209    i.usbModbusProcess  main.o
    0x0800ac00   0x0800ac00   0x00000090   Code   RO          929    i.write_partition   param_init.o
    0x0800ac90   0x0800ac90   0x0000009c   Code   RO          930    i.write_partition_more_seq  param_init.o
    0x0800ad2c   0x0800ad2c   0x00000060   Data   RO          931    .constdata          param_init.o
    0x0800ad8c   0x0800ad8c   0x00000021   Data   RO         5753    .constdata          system_stm32l0xx.o
    0x0800adad   0x0800adad   0x00000018   Data   RO         6575    .constdata          rtc-board.o
    0x0800adc5   0x0800adc5   0x00000081   Data   RO         7408    .constdata          mc_p.l(ctype_o.o)
    0x0800ae46   0x0800ae46   0x00000002   PAD
    0x0800ae48   0x0800ae48   0x00000004   Data   RO         7409    .constdata          mc_p.l(ctype_o.o)
    0x0800ae4c   0x0800ae4c   0x00000020   Data   RO         7443    Region$$Table       anon$$obj.o


    Execution Region RW_IRAM1 (Exec base: 0x20000000, Load base: 0x0800ae6c, Size: 0x00003938, Max: 0x00005000, ABSOLUTE, COMPRESSED[0x00000154])

    Exec Addr    Load Addr    Size         Type   Attr      Idx    E Section Name        Object

    0x20000000   COMPRESSED   0x0000002e   Data   RW          211    .data               main.o
    0x2000002e   COMPRESSED   0x00000001   Data   RW          489    .data               usbd_conf.o
    0x2000002f   COMPRESSED   0x00000001   PAD
    0x20000030   COMPRESSED   0x0000004e   Data   RW          674    .data               usbd_desc.o
    0x2000007e   COMPRESSED   0x00000002   PAD
    0x20000080   COMPRESSED   0x00000014   Data   RW          753    .data               usbd_cdc_if.o
    0x20000094   COMPRESSED   0x00000004   Data   RW          805    .data               stm32l0xx_it.o
    0x20000098   COMPRESSED   0x00000048   Data   RW          932    .data               param_init.o
    0x200000e0   COMPRESSED   0x00000028   Data   RW         1103    .data               gsmodbus.o
    0x20000108   COMPRESSED   0x00000118   Data   RW         1207    .data               modbus_handle.o
    0x20000220   COMPRESSED   0x00000003   Data   RW         1665    .data               modbus_rtu.o
    0x20000223   COMPRESSED   0x00000001   PAD
    0x20000224   COMPRESSED   0x00000004   Data   RW         3431    .data               stm32l0xx_hal.o
    0x20000228   COMPRESSED   0x00000004   Data   RW         5754    .data               system_stm32l0xx.o
    0x2000022c   COMPRESSED   0x00000001   Data   RW         5932    .data               usbd_ctlreq.o
    0x2000022d   COMPRESSED   0x00000003   PAD
    0x20000230   COMPRESSED   0x0000010f   Data   RW         6080    .data               usbd_cdc.o
    0x2000033f   COMPRESSED   0x00000001   PAD
    0x20000340   COMPRESSED   0x00000028   Data   RW         6195    .data               nbiot.o
    0x20000368   COMPRESSED   0x00000008   Data   RW         6388    .data               timer.o
    0x20000370   COMPRESSED   0x0000000c   Data   RW         6576    .data               rtc-board.o
    0x2000037c   COMPRESSED   0x00000004   Data   RW         6734    .data               board.o
    0x20000380        -       0x00000294   Zero   RW          210    .bss                main.o
    0x20000614        -       0x000001c8   Zero   RW          367    .bss                usart.o
    0x200007dc        -       0x0000029c   Zero   RW          413    .bss                usb_device.o
    0x20000a78        -       0x00000494   Zero   RW          488    .bss                usbd_conf.o
    0x20000f0c        -       0x00000200   Zero   RW          673    .bss                usbd_desc.o
    0x2000110c        -       0x000007d0   Zero   RW          752    .bss                usbd_cdc_if.o
    0x200018dc        -       0x00000100   Zero   RW          804    .bss                stm32l0xx_it.o
    0x200019dc        -       0x000000f2   Zero   RW         1206    .bss                modbus_handle.o
    0x20001ace        -       0x00000081   Zero   RW         1296    .bss                nb_tcp.o
    0x20001b4f   COMPRESSED   0x00000001   PAD
    0x20001b50        -       0x000000f0   Zero   RW         1401    .bss                tim.o
    0x20001c40        -       0x00000140   Zero   RW         1664    .bss                modbus_rtu.o
    0x20001d80        -       0x00000018   Zero   RW         4389    .bss                stm32l0xx_hal_flash.o
    0x20001d98        -       0x00000310   Zero   RW         6194    .bss                nbiot.o
    0x200020a8        -       0x0000003c   Zero   RW         6574    .bss                rtc-board.o
    0x200020e4        -       0x00000814   Zero   RW         6733    .bss                board.o
    0x200028f8        -       0x00000040   Zero   RW         6909    .bss                gpio-board.o
    0x20002938        -       0x00001000   Zero   RW            1    STACK               startup_stm32l072xx.o


==============================================================================

Image component sizes


      Code (inc. data)   RO Data    RW Data    ZI Data      Debug   Object Name

       188         38          0          0          0       2008   at_command.o
       392         56          0          4       2068      13104   board.o
        12          0          0          0          0        485   delay-board.o
        12          0          0          0          0        470   delay.o
       672         18          0          0          0     423317   function.o
       184          6          0          0         64       2645   gpio-board.o
         0          0          0          0          0       2016   gpio.o
      1250         40          0         40          0      10949   gsmodbus.o
      1306        210          0         46        660      19875   main.o
      2056        126          0        280        242      10579   modbus_handle.o
       700        116          0          3        320       4966   modbus_rtu.o
       978        218          0          0          0      11497   nb_mqtt.o
       348         94          0          0        129       6753   nb_tcp.o
      2088        406          0         40        784      11088   nbiot.o
       752         36         96         72          0       9905   param_init.o
      1426        130         24         12         60      10559   rtc-board.o
        28          8        192          0       4096        624   startup_stm32l072xx.o
       158         22          0          4          0       3746   stm32l0xx_hal.o
       228         26          0          0          0      11681   stm32l0xx_hal_cortex.o
       524         10          0          0          0       2503   stm32l0xx_hal_dma.o
       408         16          0          0         24       3066   stm32l0xx_hal_flash.o
       204         26          0          0          0       2211   stm32l0xx_hal_flash_ex.o
       548         38          0          0          0       2843   stm32l0xx_hal_gpio.o
        32          6          0          0          0        422   stm32l0xx_hal_msp.o
      2592         20          0          0          0      10457   stm32l0xx_hal_pcd.o
       152          0          0          0          0       2931   stm32l0xx_hal_pcd_ex.o
      2592        102          0          0          0       6176   stm32l0xx_hal_rcc.o
       620         14          0          0          0       1484   stm32l0xx_hal_rcc_ex.o
      2230         54          0          0          0      10636   stm32l0xx_hal_rtc.o
        90          0          0          0          0       2099   stm32l0xx_hal_rtc_ex.o
       638         14          0          0          0       5346   stm32l0xx_hal_tim.o
        92          0          0          0          0       1216   stm32l0xx_hal_tim_ex.o
      2968         78          0          0          0      12530   stm32l0xx_hal_uart.o
         2          0          0          0          0        924   stm32l0xx_hal_uart_ex.o
       322         52          0          4        256       4954   stm32l0xx_it.o
      3316         84          0          0          0      14919   stm32l0xx_ll_usb.o
       104         16         33          4          0       1187   system_stm32l0xx.o
       176         28          0          0        240       1573   tim.o
       804         40          0          8          0       7406   timer.o
       104          8          0          0          0       1465   upload_method.o
       548         50          0          0        456       2343   usart.o
        84         16          0          0        668       2455   usb_device.o
      1130         28          0        271          0      12802   usbd_cdc.o
       238         38          0         20       2000       3458   usbd_cdc_if.o
       934         48          0          1       1172      14058   usbd_conf.o
      1038          0          0          0          0       9743   usbd_core.o
      2104         34          0          1          0      10480   usbd_ctlreq.o
       374        114          0         78        512       6213   usbd_desc.o
       182          0          0          0          0       4452   usbd_ioreq.o

    ----------------------------------------------------------------------
     37980       2484        377        896      13752     718619   Object Totals
         0          0         32          0          0          0   (incl. Generated)
        52          0          0          8          1          0   (incl. Padding)

    ----------------------------------------------------------------------

      Code (inc. data)   RO Data    RW Data    ZI Data      Debug   Library Member Name

       156         14          0          0          0         84   round.o
        60         10          0          0          0         84   __0sscanf.o
        86          0          0          0          0          0   __dczerorl2.o
        30          0          0          0          0         60   _chval.o
       824         12          0          0          0         84   _scanf.o
       330          0          0          0          0         84   _scanf_int.o
       232          0          0          0          0         84   _scanf_str.o
        68          0          0          0          0         76   _sgetc.o
         8          4        133          0          0         60   ctype_o.o
         0          0          0          0          0          0   entry.o
         0          0          0          0          0          0   entry10a.o
         0          0          0          0          0          0   entry11a.o
         8          4          0          0          0          0   entry2.o
         4          0          0          0          0          0   entry5.o
         0          0          0          0          0          0   entry7b.o
         0          0          0          0          0          0   entry8b.o
         8          4          0          0          0          0   entry9a.o
        30          0          0          0          0          0   handlers.o
        40          0          0          0          0         72   idiv.o
        36          8          0          0          0         68   init.o
        18          0          0          0          0         68   isspace_o.o
         0          0          0          0          0          0   iusefp.o
        32          0          0          0          0         68   llshl.o
        38          0          0          0          0         68   llsshr.o
        34          0          0          0          0         68   llushr.o
        26          0          0          0          0         72   memcmp.o
        36          0          0          0          0         60   memcpya.o
        36          0          0          0          0        100   memseta.o
      2336         98          0          0          0        604   printfa.o
        44          8          0          0          0         84   scanf_char.o
        18          0          0          0          0         60   strcpy.o
        14          0          0          0          0         60   strlen.o
        40          0          0          0          0         72   strstr.o
        44          0          0          0          0         72   uidiv.o
        96          0          0          0          0         84   uldiv.o
        20          0          0          0          0         60   uread4.o
        40          2          0          0          0         68   cdcmple.o
        40          2          0          0          0         68   cdrcmple.o
       356          4          0          0          0        140   dadd.o
       240          6          0          0          0         84   ddiv.o
       236          0          0          0          0        216   depilogue.o
        60         10          0          0          0         68   dfixui.o
        64         10          0          0          0         68   dfixul.o
        28          4          0          0          0         68   dfltui.o
       208          6          0          0          0         88   dmul.o
       124         10          0          0          0         76   drnd.o

    ----------------------------------------------------------------------
      6160        216        135          0          0       3300   Library Totals
        12          0          2          0          0          0   (incl. Padding)

    ----------------------------------------------------------------------

      Code (inc. data)   RO Data    RW Data    ZI Data      Debug   Library Name

       156         14          0          0          0         84   m_ps.l
      4596        148        133          0          0       2272   mc_p.l
      1396         54          0          0          0        944   mf_p.l

    ----------------------------------------------------------------------
      6160        216        135          0          0       3300   Library Totals

    ----------------------------------------------------------------------

==============================================================================


      Code (inc. data)   RO Data    RW Data    ZI Data      Debug   

     44140       2700        512        896      13752     705275   Grand Totals
     44140       2700        512        340      13752     705275   ELF Image Totals (compressed)
     44140       2700        512        340          0          0   ROM Totals

==============================================================================

    Total RO  Size (Code + RO Data)                44652 (  43.61kB)
    Total RW  Size (RW Data + ZI Data)             14648 (  14.30kB)
    Total ROM Size (Code + RO Data + RW Data)      44992 (  43.94kB)

==============================================================================

