<html>
<body>
<pre>
<h1>µVision Build Log</h1>
<h2>Tool Versions:</h2>
IDE-Version: ¦ÌVision V5.25.2.0
Copyright (C) 2018 ARM Ltd and ARM Germany GmbH. All rights reserved.
License Information: michael jackson, womaster, LIC=5852Z-JVKL3-XUL41-CJ441-UUXXQ-3U40G
 
Tool Versions:
Toolchain:       MDK-ARM Plus  Version: 5.25.2.0
Toolchain Path:  E:\keli\ARM\ARMCC\Bin
C Compiler:      Armcc.exe V5.06 update 6 (build 750)
Assembler:       Armasm.exe V5.06 update 6 (build 750)
Linker/Locator:  ArmLink.exe V5.06 update 6 (build 750)
Library Manager: ArmAr.exe V5.06 update 6 (build 750)
Hex Converter:   FromElf.exe V5.06 update 6 (build 750)
CPU DLL:         SARMCM3.DLL V5.25.2.0
Dialog DLL:      DARMCM1.DLL V1.19.1.0
Target DLL:      STLink\ST-LINKIII-KEIL_SWO.dll V3.0.1.0
Dialog DLL:      TARMCM1.DLL V1.14.0.0
 
<h2>Project:</h2>
D:\svn\nbNode\SCB111_MB_NB\SIMCOM7070\SCB111_NB\MDK-ARM\SCB111_NB.uvprojx
Project File Date:  08/24/2020

<h2>Output:</h2>
*** Using Compiler 'V5.06 update 6 (build 750)', folder: 'E:\keli\ARM\ARMCC\Bin'
Build target 'SCB111_NB'
compiling remove_unused.c...
compiling gsModbus.c...
..\Src\gsModbus.c(203): warning:  #177-D: variable "funcVal"  was declared but never referenced
  	unsigned short funcVal;
..\Src\gsModbus.c(279): warning:  #177-D: variable "funcode"  was declared but never referenced
  	unsigned char funcode = 0xff;
..\Src\gsModbus.c: 2 warnings, 0 errors
compiling function.c...
..\Src\function.c(30): warning:  #223-D: function "DelayMs" declared implicitly
  		DelayMs(100);
..\Src\function.c: 1 warning, 0 errors
compiling main.c...
../Inc/main.h(46): warning:  #1295-D: Deprecated declaration usbModbusProcess - give arg types
  void usbModbusProcess();
../Inc/main.h(47): warning:  #1295-D: Deprecated declaration nbiotDetect - give arg types
  static void nbiotDetect();
..\Src\nbiot\nbiot.h(69): warning:  #1295-D: Deprecated declaration nbiot_poweroff_on - give arg types
  void nbiot_poweroff_on();
../Inc/nb_tcp.h(32): warning:  #1295-D: Deprecated declaration TCPReceiveHandle - give arg types
  void TCPReceiveHandle();
../Inc/nb_tcp.h(33): warning:  #1295-D: Deprecated declaration TCPCloseHandle - give arg types
  void TCPCloseHandle();
../Inc/nb_tcp.h(34): warning:  #1295-D: Deprecated declaration TCPDisConnectHandle - give arg types
  void TCPDisConnectHandle();
../Inc/tim.h(65): warning:  #1-D: last line of file ends without a newline
  /************************ (C) COPYRIGHT STMicroelectronics *****END OF FILE****/
../Inc/nb_mqtt.h(55): warning:  #1295-D: Deprecated declaration mqttSubHandle - give arg types
  void mqttSubHandle ();
../Inc/nb_mqtt.h(56): warning:  #1295-D: Deprecated declaration mqttCloseHandle - give arg types
  void mqttCloseHandle ();
../Inc/nb_mqtt.h(57): warning:  #1295-D: Deprecated declaration mqttDisconnectHandle - give arg types
  void mqttDisconnectHandle ();
../Inc/modbus_rtu_sensor.h(10): warning:  #1295-D: Deprecated declaration ModbusRtuMqtt - give arg types
  void ModbusRtuMqtt();
../Inc/modbus_rtu_sensor.h(11): warning:  #1295-D: Deprecated declaration ModbusRtuRcv - give arg types
  void ModbusRtuRcv();
../Inc/modbus_rtu_sensor.h(12): warning:  #1295-D: Deprecated declaration ModbusRtuUnitSndAndRcv - give arg types
  void ModbusRtuUnitSndAndRcv();
../Inc/modbus_rtu_sensor.h(19): warning:  #1-D: last line of file ends without a newline
  #endif
../Inc/upload_method.h(5): warning:  #1295-D: Deprecated declaration tcpRcvAndSnd - give arg types
  void tcpRcvAndSnd();
../Inc/upload_method.h(6): warning:  #1295-D: Deprecated declaration rs485Mqtt - give arg types
  void rs485Mqtt();
../Inc/upload_method.h(8): warning:  #1-D: last line of file ends without a newline
  #endif
../Src/main.c(159): warning:  #177-D: variable "pNbTcp"  was declared but never referenced
  	gNbTCP *pNbTcp = &nb_tcp;
../Src/main.c: 18 warnings, 0 errors
compiling nb_mqtt.c...
../Inc/nb_mqtt.h(55): warning:  #1295-D: Deprecated declaration mqttSubHandle - give arg types
  void mqttSubHandle ();
../Inc/nb_mqtt.h(56): warning:  #1295-D: Deprecated declaration mqttCloseHandle - give arg types
  void mqttCloseHandle ();
../Inc/nb_mqtt.h(57): warning:  #1295-D: Deprecated declaration mqttDisconnectHandle - give arg types
  void mqttDisconnectHandle ();
../Inc/main.h(46): warning:  #1295-D: Deprecated declaration usbModbusProcess - give arg types
  void usbModbusProcess();
../Inc/main.h(47): warning:  #1295-D: Deprecated declaration nbiotDetect - give arg types
  static void nbiotDetect();
..\Src\nbiot\nbiot.h(69): warning:  #1295-D: Deprecated declaration nbiot_poweroff_on - give arg types
  void nbiot_poweroff_on();
..\Src\nb_mqtt.c(120): warning:  #550-D: variable "cmdRet"  was set but never used
  	int cmdRet;
..\Src\nb_mqtt.c(134): warning:  #177-D: variable "cmdRet"  was declared but never referenced
  	int cmdRet = 0;
..\Src\nb_mqtt.c(143): warning:  #550-D: variable "cmdRet"  was set but never used
  	int cmdRet = 0;
..\Src\nb_mqtt.c(167): warning:  #167-D: argument of type "unsigned char *" is incompatible with parameter of type "char *"
  	Send_AT_Command(msg, "OK", 10000, 7000);
..\Src\nb_mqtt.c(150): warning:  #177-D: variable "cmd"  was declared but never referenced
  	char cmd[64] = {0};
..\Src\nb_mqtt.c(151): warning:  #177-D: variable "cmdRet"  was declared but never referenced
  	int cmdRet;
..\Src\nb_mqtt.c(152): warning:  #177-D: variable "retry_count"  was declared but never referenced
  	int retry_count = 0;
..\Src\nb_mqtt.c(174): warning:  #177-D: variable "cmdRet"  was declared but never referenced
  	int cmdRet = 0;
..\Src\nb_mqtt.c(209): warning:  #223-D: function "DelayMs" declared implicitly
  			DelayMs(1000);
..\Src\nb_mqtt.c(223): warning:  #177-D: variable "cmdRet"  was declared but never referenced
  	int cmdRet = 0;
..\Src\nb_mqtt.c(235): warning:  #177-D: variable "cmdRet"  was declared but never referenced
    int cmdRet = 0;
..\Src\nb_mqtt.c(249): warning:  #940-D: missing return statement at end of non-void function "mqttCheckStatusHandle" 
  }
..\Src\nb_mqtt.c: 18 warnings, 0 errors
compiling modbus_rtu.c...
../Inc/modbus_rtu_sensor.h(10): warning:  #1295-D: Deprecated declaration ModbusRtuMqtt - give arg types
  void ModbusRtuMqtt();
../Inc/modbus_rtu_sensor.h(11): warning:  #1295-D: Deprecated declaration ModbusRtuRcv - give arg types
  void ModbusRtuRcv();
../Inc/modbus_rtu_sensor.h(12): warning:  #1295-D: Deprecated declaration ModbusRtuUnitSndAndRcv - give arg types
  void ModbusRtuUnitSndAndRcv();
../Inc/modbus_rtu_sensor.h(19): warning:  #1-D: last line of file ends without a newline
  #endif
../Inc/upload_method.h(5): warning:  #1295-D: Deprecated declaration tcpRcvAndSnd - give arg types
  void tcpRcvAndSnd();
../Inc/upload_method.h(6): warning:  #1295-D: Deprecated declaration rs485Mqtt - give arg types
  void rs485Mqtt();
../Inc/upload_method.h(8): warning:  #1-D: last line of file ends without a newline
  #endif
../Inc/main.h(46): warning:  #1295-D: Deprecated declaration usbModbusProcess - give arg types
  void usbModbusProcess();
../Inc/main.h(47): warning:  #1295-D: Deprecated declaration nbiotDetect - give arg types
  static void nbiotDetect();
../Inc/nb_tcp.h(32): warning:  #1295-D: Deprecated declaration TCPReceiveHandle - give arg types
  void TCPReceiveHandle();
../Inc/nb_tcp.h(33): warning:  #1295-D: Deprecated declaration TCPCloseHandle - give arg types
  void TCPCloseHandle();
../Inc/nb_tcp.h(34): warning:  #1295-D: Deprecated declaration TCPDisConnectHandle - give arg types
  void TCPDisConnectHandle();
..\Src\modbus_rtu.c(131): warning:  #167-D: argument of type "uint8_t *" is incompatible with parameter of type "const char *"
  			HAL_UART_Transmit(&huart2, nb_tcp_rcv, strlen(nb_tcp_rcv), 10000);
..\Src\modbus_rtu.c: 13 warnings, 0 errors
linking...
Program Size: Code=44140 RO-data=512 RW-data=896 ZI-data=13752  
FromELF: creating hex file...
"SCB111_NB\SCB111_NB.axf" - 0 Error(s), 52 Warning(s).

<h2>Software Packages used:</h2>

Package Vendor: ARM
                http://www.keil.com/pack/ARM.CMSIS.5.3.0.pack
                ARM.CMSIS.5.3.0
                CMSIS (Cortex Microcontroller Software Interface Standard)
   * Component: CORE Version: 5.1.1

Package Vendor: Keil
                http://www.keil.com/pack/Keil.STM32L0xx_DFP.2.0.0.pack
                Keil.STM32L0xx_DFP.2.0.0
                STMicroelectronics STM32L0 Series Device Support, Drivers and Examples

<h2>Collection of Component include folders:</h2>
  .\RTE\_SCB111_NB
  E:\keli\ARM\PACK\ARM\CMSIS\5.3.0\CMSIS\Include
  E:\keli\ARM\PACK\Keil\STM32L0xx_DFP\2.0.0\Drivers\CMSIS\Device\ST\STM32L0xx\Include

<h2>Collection of Component Files used:</h2>

   * Component: ARM::CMSIS:CORE:5.1.1
Build Time Elapsed:  00:00:16
</pre>
</body>
</html>
